../Core/Src/stm32f4xx_hal_msp.c:65:6:HAL_MspInit	8	static
../Core/Src/stm32f4xx_hal_msp.c:87:6:HAL_CRC_MspInit	8	static
../Core/Src/stm32f4xx_hal_msp.c:109:6:HAL_CRC_MspDeInit	0	static
../Core/Src/stm32f4xx_hal_msp.c:131:6:HAL_SPI_MspInit	48	static
../Core/Src/stm32f4xx_hal_msp.c:190:6:HAL_SPI_MspDeInit	8	static
../Core/Src/stm32f4xx_hal_msp.c:225:6:HAL_TIM_Base_MspInit	8	static
../Core/Src/stm32f4xx_hal_msp.c:247:6:HAL_TIM_Base_MspDeInit	0	static
../Core/Src/stm32f4xx_hal_msp.c:269:6:HAL_UART_MspInit	40	static
../Core/Src/stm32f4xx_hal_msp.c:305:6:HAL_UART_MspDeInit	0	static
