../Core/Src/z_displ_ILI9XXX.c:53:6:Displ_Select	8	static
../Core/Src/z_displ_ILI9XXX.c:74:6:Displ_Transmit	32	static,ignoring_inline_asm
../Core/Src/z_displ_ILI9XXX.c:138:6:Displ_WriteCommand	16	static
../Core/Src/z_displ_ILI9XXX.c:151:6:Displ_WriteData	24	static
../Core/Src/z_displ_ILI9XXX.c:163:6:ILI9XXX_Init	8	static
../Core/Src/z_displ_ILI9XXX.c:254:6:Displ_SetAddressWindow	24	static
../Core/Src/z_displ_ILI9XXX.c:274:6:Displ_Init	16	static
../Core/Src/z_displ_ILI9XXX.c:298:6:Displ_Orientation	16	static
../Core/Src/z_displ_ILI9XXX.c:330:6:HAL_SPI_ErrorCallback	16	static
../Core/Src/z_displ_ILI9XXX.c:341:6:HAL_SPI_TxCpltCallback	16	static
../Core/Src/z_displ_ILI9XXX.c:361:6:Displ_FillArea	56	static
../Core/Src/z_displ_ILI9XXX.c:1089:11:Displ_BackLight	16	static,ignoring_inline_asm
../Core/Src/z_displ_ILI9XXX.c:1158:5:touchgfxDisplayDriverTransmitActive	4	static
../Core/Src/z_displ_ILI9XXX.c:1172:6:touchgfxDisplayDriverTransmitBlock	32	static
../Core/Src/z_displ_ILI9XXX.c:1188:6:HAL_TIM_PeriodElapsedCallback	16	static
