../Core/Src/z_touch_XPT2046.c:29:6:Touch_HandlePenDownInterrupt	4	static
../Core/Src/z_touch_XPT2046.c:37:6:HAL_GPIO_EXTI_Callback	16	static
../Core/Src/z_touch_XPT2046.c:45:6:HAL_GPIO_EXTI_Falling_Callback	16	static
../Core/Src/z_touch_XPT2046.c:49:6:HAL_GPIO_EXTI_Rising_Callback	16	static
../Core/Src/z_touch_XPT2046.c:60:6:Touch_Select	8	static
../Core/Src/z_touch_XPT2046.c:76:6:Touch_UnSelect	8	static
../Core/Src/z_touch_XPT2046.c:93:10:Touch_PollAxis	24	static
../Core/Src/z_touch_XPT2046.c:136:9:Touch_PollTouch	24	static
../Core/Src/z_touch_XPT2046.c:161:6:Touch_GetXYtouch	48	static
../Core/Src/z_touch_XPT2046.c:243:9:Touch_WaitForTouch	24	static
../Core/Src/z_touch_XPT2046.c:266:9:Touch_WaitForUntouch	24	static
../Core/Src/z_touch_XPT2046.c:301:9:Touch_In_XY_area	32	static
../Core/Src/z_touch_XPT2046.c:332:9:Touch_GotATouch	24	static
../Core/Src/z_touch_XPT2046.c:365:9:Touch_TouchGFXSampleTouch	24	static
