../Drivers/CMSIS/Include/core_cm4.h:2064:26:ITM_SendChar	16	static,ignoring_inline_asm
../Core/Src/main.c:82:5:main	56	static
../Core/Src/main.c:153:6:SystemClock_Config	88	static
../Core/Src/main.c:208:13:MX_ADC1_Init	24	static
../Core/Src/main.c:260:13:MX_ADC2_Init	24	static
../Core/Src/main.c:312:13:MX_ADC3_Init	24	static
../Core/Src/main.c:364:13:MX_TIM2_Init	32	static
../Core/Src/main.c:409:13:MX_USART2_UART_Init	8	static
../Core/Src/main.c:442:13:MX_GPIO_Init	48	static
../Core/Src/main.c:477:5:__io_putchar	16	static
../Core/Src/main.c:482:6:HAL_ADC_ConvCpltCallback	24	static
../Core/Src/main.c:498:6:HAL_TIM_PeriodElapsedCallback	16	static
../Core/Src/main.c:507:6:Error_Handler	4	static,ignoring_inline_asm
