Archive member included to satisfy reference by file (symbol)

C:\ST\STM32CubeIDE_1.13.1\ECET260\labs\TFTtouch\Middlewares\ST\touchgfx\lib\core\cortex_m4f\gcc\libtouchgfx-float-abi-hard.a(AbstractPartition.o)
                              ./TouchGFX/target/generated/TouchGFXConfiguration.o (touchgfx::AbstractPartition::getAllocationCount() const)
C:\ST\STM32CubeIDE_1.13.1\ECET260\labs\TFTtouch\Middlewares\ST\touchgfx\lib\core\cortex_m4f\gcc\libtouchgfx-float-abi-hard.a(Container.o)
                              ./TouchGFX/generated/gui_generated/src/screen_screen/screenViewBase.o (touchgfx::Container::add(touchgfx::Drawable&))
C:\ST\STM32CubeIDE_1.13.1\ECET260\labs\TFTtouch\Middlewares\ST\touchgfx\lib\core\cortex_m4f\gcc\libtouchgfx-float-abi-hard.a(HAL.o)
                              ./TouchGFX/target/TouchGFXHAL.o (touchgfx::HAL::drawDrawableInDynamicBitmap(touchgfx::Drawable&, unsigned short))
C:\ST\STM32CubeIDE_1.13.1\ECET260\labs\TFTtouch\Middlewares\ST\touchgfx\lib\core\cortex_m4f\gcc\libtouchgfx-float-abi-hard.a(DMA.o)
                              ./TouchGFX/target/generated/STM32DMA.o (touchgfx::DMA_Interface::seedExecution())
C:\ST\STM32CubeIDE_1.13.1\ECET260\labs\TFTtouch\Middlewares\ST\touchgfx\lib\core\cortex_m4f\gcc\libtouchgfx-float-abi-hard.a(TextArea.o)
                              ./TouchGFX/generated/gui_generated/src/screen_screen/screenViewBase.o (touchgfx::TextArea::calculateBoundingArea() const)
C:\ST\STM32CubeIDE_1.13.1\ECET260\labs\TFTtouch\Middlewares\ST\touchgfx\lib\core\cortex_m4f\gcc\libtouchgfx-float-abi-hard.a(Box.o)
                              ./TouchGFX/generated/gui_generated/src/screen_screen/screenViewBase.o (vtable for touchgfx::Box)
C:\ST\STM32CubeIDE_1.13.1\ECET260\labs\TFTtouch\Middlewares\ST\touchgfx\lib\core\cortex_m4f\gcc\libtouchgfx-float-abi-hard.a(Button.o)
                              ./TouchGFX/generated/gui_generated/src/screen_screen/screenViewBase.o (touchgfx::Button::setBitmaps(touchgfx::Bitmap const&, touchgfx::Bitmap const&))
C:\ST\STM32CubeIDE_1.13.1\ECET260\labs\TFTtouch\Middlewares\ST\touchgfx\lib\core\cortex_m4f\gcc\libtouchgfx-float-abi-hard.a(Image.o)
                              ./TouchGFX/generated/gui_generated/src/screen_screen/screenViewBase.o (touchgfx::Image::setBitmap(touchgfx::Bitmap const&))
C:\ST\STM32CubeIDE_1.13.1\ECET260\labs\TFTtouch\Middlewares\ST\touchgfx\lib\core\cortex_m4f\gcc\libtouchgfx-float-abi-hard.a(ButtonWithLabel.o)
                              ./TouchGFX/generated/gui_generated/src/screen_screen/screenViewBase.o (touchgfx::ButtonWithLabel::ButtonWithLabel())
C:\ST\STM32CubeIDE_1.13.1\ECET260\labs\TFTtouch\Middlewares\ST\touchgfx\lib\core\cortex_m4f\gcc\libtouchgfx-float-abi-hard.a(LCD.o)
                              C:\ST\STM32CubeIDE_1.13.1\ECET260\labs\TFTtouch\Middlewares\ST\touchgfx\lib\core\cortex_m4f\gcc\libtouchgfx-float-abi-hard.a(TextArea.o) (touchgfx::LCD::stringWidth(touchgfx::TextProvider&, touchgfx::Font const&, int, unsigned char))
C:\ST\STM32CubeIDE_1.13.1\ECET260\labs\TFTtouch\Middlewares\ST\touchgfx\lib\core\cortex_m4f\gcc\libtouchgfx-float-abi-hard.a(TouchCalibration.o)
                              C:\ST\STM32CubeIDE_1.13.1\ECET260\labs\TFTtouch\Middlewares\ST\touchgfx\lib\core\cortex_m4f\gcc\libtouchgfx-float-abi-hard.a(HAL.o) (touchgfx::TouchCalibration::translatePoint(touchgfx::Point&))
C:\ST\STM32CubeIDE_1.13.1\ECET260\labs\TFTtouch\Middlewares\ST\touchgfx\lib\core\cortex_m4f\gcc\libtouchgfx-float-abi-hard.a(DisplayTransformation.o)
                              C:\ST\STM32CubeIDE_1.13.1\ECET260\labs\TFTtouch\Middlewares\ST\touchgfx\lib\core\cortex_m4f\gcc\libtouchgfx-float-abi-hard.a(HAL.o) (touchgfx::DisplayTransformation::transformFrameBufferToDisplay(short&, short&))
C:\ST\STM32CubeIDE_1.13.1\ECET260\labs\TFTtouch\Middlewares\ST\touchgfx\lib\core\cortex_m4f\gcc\libtouchgfx-float-abi-hard.a(Application.o)
                              ./TouchGFX/generated/gui_generated/src/common/FrontendApplicationBase.o (touchgfx::Application::requestRedraw())
C:\ST\STM32CubeIDE_1.13.1\ECET260\labs\TFTtouch\Middlewares\ST\touchgfx\lib\core\cortex_m4f\gcc\libtouchgfx-float-abi-hard.a(TypedText.o)
                              ./TouchGFX/generated/fonts/src/FontCache.o (touchgfx::TypedText::numberOfTypedTexts)
C:\ST\STM32CubeIDE_1.13.1\ECET260\labs\TFTtouch\Middlewares\ST\touchgfx\lib\core\cortex_m4f\gcc\libtouchgfx-float-abi-hard.a(Font.o)
                              ./TouchGFX/generated/texts/src/Texts.o (touchgfx::Font::getStringWidthLTR(unsigned char, unsigned short const*, std::__va_list) const)
C:\ST\STM32CubeIDE_1.13.1\ECET260\labs\TFTtouch\Middlewares\ST\touchgfx\lib\core\cortex_m4f\gcc\libtouchgfx-float-abi-hard.a(Drawable.o)
                              ./TouchGFX/generated/gui_generated/src/screen_screen/screenViewBase.o (touchgfx::Drawable::invalidate() const)
[...]
Memory Configuration

Name             Origin             Length             Attributes
RAM              0x0000000020000000 0x0000000000020000 xrw
FLASH            0x0000000008000000 0x0000000000080000 xr
*default*        0x0000000000000000 0xffffffffffffffff

Linker script and memory map

LOAD C:/ST/STM32CubeIDE_1.13.1/STM32CubeIDE/plugins/com.st.stm32cube.ide.mcu.externaltools.gnu-tools-for-stm32.11.3.rel1.win32_1.1.0.202305231506/tools/bin/../lib/gcc/arm-none-eabi/11.3.1/thumb/v7e-m+fp/hard/crti.o
LOAD C:/ST/STM32CubeIDE_1.13.1/STM32CubeIDE/plugins/com.st.stm32cube.ide.mcu.externaltools.gnu-tools-for-stm32.11.3.rel1.win32_1.1.0.202305231506/tools/bin/../lib/gcc/arm-none-eabi/11.3.1/thumb/v7e-m+fp/hard/crtbegin.o
LOAD C:/ST/STM32CubeIDE_1.13.1/STM32CubeIDE/plugins/com.st.stm32cube.ide.mcu.externaltools.gnu-tools-for-stm32.11.3.rel1.win32_1.1.0.202305231506/tools/bin/../lib/gcc/arm-none-eabi/11.3.1/../../../../arm-none-eabi/lib/thumb/v7e-m+fp/hard/crt0.o
LOAD ./Core/Src/font12.o
LOAD ./Core/Src/font16.o
LOAD ./Core/Src/font20.o
LOAD ./Core/Src/font24.o
LOAD ./Core/Src/font8.o
LOAD ./Core/Src/main.o
LOAD ./Core/Src/stm32f4xx_hal_msp.o
LOAD ./Core/Src/stm32f4xx_it.o
LOAD ./Core/Src/syscalls.o
LOAD ./Core/Src/sysmem.o
LOAD ./Core/Src/system_stm32f4xx.o
LOAD ./Core/Src/z_displ_ILI9XXX.o
LOAD ./Core/Src/z_displ_ILI9XXX_test.o
LOAD ./Core/Src/z_touch_XPT2046.o
LOAD ./Core/Src/z_touch_XPT2046_menu.o
LOAD ./Core/Src/z_touch_XPT2046_test.o
LOAD ./Core/Startup/startup_stm32f446retx.o
LOAD ./Drivers/STM32F4xx_HAL_Driver/Src/stm32f4xx_hal.o
LOAD ./Drivers/STM32F4xx_HAL_Driver/Src/stm32f4xx_hal_cortex.o
LOAD ./Drivers/STM32F4xx_HAL_Driver/Src/stm32f4xx_hal_crc.o
LOAD ./Drivers/STM32F4xx_HAL_Driver/Src/stm32f4xx_hal_dma.o
LOAD ./Drivers/STM32F4xx_HAL_Driver/Src/stm32f4xx_hal_dma_ex.o
LOAD ./Drivers/STM32F4xx_HAL_Driver/Src/stm32f4xx_hal_exti.o
LOAD ./Drivers/STM32F4xx_HAL_Driver/Src/stm32f4xx_hal_flash.o
LOAD ./Drivers/STM32F4xx_HAL_Driver/Src/stm32f4xx_hal_flash_ex.o
LOAD ./Drivers/STM32F4xx_HAL_Driver/Src/stm32f4xx_hal_flash_ramfunc.o
LOAD ./Drivers/STM32F4xx_HAL_Driver/Src/stm32f4xx_hal_gpio.o
LOAD ./Drivers/STM32F4xx_HAL_Driver/Src/stm32f4xx_hal_pwr.o
LOAD ./Drivers/STM32F4xx_HAL_Driver/Src/stm32f4xx_hal_pwr_ex.o
LOAD ./Drivers/STM32F4xx_HAL_Driver/Src/stm32f4xx_hal_rcc.o
LOAD ./Drivers/STM32F4xx_HAL_Driver/Src/stm32f4xx_hal_rcc_ex.o
LOAD ./Drivers/STM32F4xx_HAL_Driver/Src/stm32f4xx_hal_spi.o
LOAD ./Drivers/STM32F4xx_HAL_Driver/Src/stm32f4xx_hal_tim.o
LOAD ./Drivers/STM32F4xx_HAL_Driver/Src/stm32f4xx_hal_tim_ex.o
LOAD ./Drivers/STM32F4xx_HAL_Driver/Src/stm32f4xx_hal_uart.o
LOAD ./TouchGFX/App/app_touchgfx.o
LOAD ./TouchGFX/generated/fonts/src/ApplicationFontProvider.o
LOAD ./TouchGFX/generated/fonts/src/CachedFont.o
LOAD ./TouchGFX/generated/fonts/src/FontCache.o
LOAD ./TouchGFX/generated/fonts/src/Font_verdana_10_4bpp_0.o
LOAD ./TouchGFX/generated/fonts/src/Font_verdana_20_4bpp_0.o
LOAD ./TouchGFX/generated/fonts/src/Font_verdana_40_4bpp_0.o
LOAD ./TouchGFX/generated/fonts/src/GeneratedFont.o
LOAD ./TouchGFX/generated/fonts/src/Kerning_verdana_10_4bpp.o
LOAD ./TouchGFX/generated/fonts/src/Kerning_verdana_20_4bpp.o
LOAD ./TouchGFX/generated/fonts/src/Kerning_verdana_40_4bpp.o
LOAD ./TouchGFX/generated/fonts/src/Table_verdana_10_4bpp.o
LOAD ./TouchGFX/generated/fonts/src/Table_verdana_20_4bpp.o
LOAD ./TouchGFX/generated/fonts/src/Table_verdana_40_4bpp.o
LOAD ./TouchGFX/generated/fonts/src/UnmappedDataFont.o
LOAD ./TouchGFX/generated/gui_generated/src/common/FrontendApplicationBase.o
LOAD ./TouchGFX/generated/gui_generated/src/screen_screen/screenViewBase.o
LOAD ./TouchGFX/generated/images/src/BitmapDatabase.o
LOAD ./TouchGFX/generated/images/src/SVGDatabase.o
LOAD ./TouchGFX/generated/images/src/image_backsmall.o
LOAD ./TouchGFX/generated/images/src/image_ledOffsr.o
LOAD ./TouchGFX/generated/images/src/image_ledOnsr.o
LOAD ./TouchGFX/generated/images/src/__generated/image_alternate_theme_images_widgets_button_regular_height_50_tiny_round_normal.o
LOAD ./TouchGFX/generated/images/src/__generated/image_alternate_theme_images_widgets_button_regular_height_50_tiny_round_pressed.o
LOAD ./TouchGFX/generated/texts/src/LanguageGb.o
LOAD ./TouchGFX/generated/texts/src/Texts.o
LOAD ./TouchGFX/generated/texts/src/TypedTextDatabase.o
LOAD ./TouchGFX/gui/src/common/FrontendApplication.o
LOAD ./TouchGFX/gui/src/model/Model.o
LOAD ./TouchGFX/gui/src/screen_screen/screenPresenter.o
LOAD ./TouchGFX/gui/src/screen_screen/screenView.o
LOAD ./TouchGFX/target/STM32TouchController.o
LOAD ./TouchGFX/target/TouchGFXGPIO.o
LOAD ./TouchGFX/target/TouchGFXHAL.o
LOAD ./TouchGFX/target/generated/OSWrappers.o
LOAD ./TouchGFX/target/generated/STM32DMA.o
LOAD ./TouchGFX/target/generated/TouchGFXConfiguration.o
LOAD ./TouchGFX/target/generated/TouchGFXGeneratedHAL.o
LOAD C:\ST\STM32CubeIDE_1.13.1\ECET260\labs\TFTtouch\Middlewares\ST\touchgfx\lib\core\cortex_m4f\gcc\libtouchgfx-float-abi-hard.a
START GROUP
LOAD C:/ST/STM32CubeIDE_1.13.1/STM32CubeIDE/plugins/com.st.stm32cube.ide.mcu.externaltools.gnu-tools-for-stm32.11.3.rel1.win32_1.1.0.202305231506/tools/bin/../lib/gcc/arm-none-eabi/11.3.1/../../../../arm-none-eabi/lib/thumb/v7e-m+fp/hard\libstdc++_nano.a
LOAD C:/ST/STM32CubeIDE_1.13.1/STM32CubeIDE/plugins/com.st.stm32cube.ide.mcu.externaltools.gnu-tools-for-stm32.11.3.rel1.win32_1.1.0.202305231506/tools/bin/../lib/gcc/arm-none-eabi/11.3.1/../../../../arm-none-eabi/lib/thumb/v7e-m+fp/hard\libsupc++_nano.a
END GROUP
LOAD C:/ST/STM32CubeIDE_1.13.1/STM32CubeIDE/plugins/com.st.stm32cube.ide.mcu.externaltools.gnu-tools-for-stm32.11.3.rel1.win32_1.1.0.202305231506/tools/bin/../lib/gcc/arm-none-eabi/11.3.1/../../../../arm-none-eabi/lib/thumb/v7e-m+fp/hard\libstdc++_nano.a
LOAD C:/ST/STM32CubeIDE_1.13.1/STM32CubeIDE/plugins/com.st.stm32cube.ide.mcu.externaltools.gnu-tools-for-stm32.11.3.rel1.win32_1.1.0.202305231506/tools/bin/../lib/gcc/arm-none-eabi/11.3.1/../../../../arm-none-eabi/lib/thumb/v7e-m+fp/hard\libm.a
LOAD C:/ST/STM32CubeIDE_1.13.1/STM32CubeIDE/plugins/com.st.stm32cube.ide.mcu.externaltools.gnu-tools-for-stm32.11.3.rel1.win32_1.1.0.202305231506/tools/bin/../lib/gcc/arm-none-eabi/11.3.1/../../../../arm-none-eabi/lib/thumb/v7e-m+fp/hard\libc_nano.a
START GROUP
LOAD C:/ST/STM32CubeIDE_1.13.1/STM32CubeIDE/plugins/com.st.stm32cube.ide.mcu.externaltools.gnu-tools-for-stm32.11.3.rel1.win32_1.1.0.202305231506/tools/bin/../lib/gcc/arm-none-eabi/11.3.1/thumb/v7e-m+fp/hard\libgcc.a
LOAD C:/ST/STM32CubeIDE_1.13.1/STM32CubeIDE/plugins/com.st.stm32cube.ide.mcu.externaltools.gnu-tools-for-stm32.11.3.rel1.win32_1.1.0.202305231506/tools/bin/../lib/gcc/arm-none-eabi/11.3.1/../../../../arm-none-eabi/lib/thumb/v7e-m+fp/hard\libc_nano.a
END GROUP
START GROUP
LOAD C:/ST/STM32CubeIDE_1.13.1/STM32CubeIDE/plugins/com.st.stm32cube.ide.mcu.externaltools.gnu-tools-for-stm32.11.3.rel1.win32_1.1.0.202305231506/tools/bin/../lib/gcc/arm-none-eabi/11.3.1/thumb/v7e-m+fp/hard\libgcc.a
LOAD C:/ST/STM32CubeIDE_1.13.1/STM32CubeIDE/plugins/com.st.stm32cube.ide.mcu.externaltools.gnu-tools-for-stm32.11.3.rel1.win32_1.1.0.202305231506/tools/bin/../lib/gcc/arm-none-eabi/11.3.1/../../../../arm-none-eabi/lib/thumb/v7e-m+fp/hard\libc_nano.a
LOAD C:/ST/STM32CubeIDE_1.13.1/STM32CubeIDE/plugins/com.st.stm32cube.ide.mcu.externaltools.gnu-tools-for-stm32.11.3.rel1.win32_1.1.0.202305231506/tools/bin/../lib/gcc/arm-none-eabi/11.3.1/../../../../arm-none-eabi/lib/thumb/v7e-m+fp/hard\libnosys.a
END GROUP
START GROUP
LOAD C:/ST/STM32CubeIDE_1.13.1/STM32CubeIDE/plugins/com.st.stm32cube.ide.mcu.externaltools.gnu-tools-for-stm32.11.3.rel1.win32_1.1.0.202305231506/tools/bin/../lib/gcc/arm-none-eabi/11.3.1/thumb/v7e-m+fp/hard\libgcc.a
LOAD C:/ST/STM32CubeIDE_1.13.1/STM32CubeIDE/plugins/com.st.stm32cube.ide.mcu.externaltools.gnu-tools-for-stm32.11.3.rel1.win32_1.1.0.202305231506/tools/bin/../lib/gcc/arm-none-eabi/11.3.1/../../../../arm-none-eabi/lib/thumb/v7e-m+fp/hard\libc_nano.a
LOAD C:/ST/STM32CubeIDE_1.13.1/STM32CubeIDE/plugins/com.st.stm32cube.ide.mcu.externaltools.gnu-tools-for-stm32.11.3.rel1.win32_1.1.0.202305231506/tools/bin/../lib/gcc/arm-none-eabi/11.3.1/../../../../arm-none-eabi/lib/thumb/v7e-m+fp/hard\libnosys.a
END GROUP
LOAD C:/ST/STM32CubeIDE_1.13.1/STM32CubeIDE/plugins/com.st.stm32cube.ide.mcu.externaltools.gnu-tools-for-stm32.11.3.rel1.win32_1.1.0.202305231506/tools/bin/../lib/gcc/arm-none-eabi/11.3.1/thumb/v7e-m+fp/hard/crtend.o
LOAD C:/ST/STM32CubeIDE_1.13.1/STM32CubeIDE/plugins/com.st.stm32cube.ide.mcu.externaltools.gnu-tools-for-stm32.11.3.rel1.win32_1.1.0.202305231506/tools/bin/../lib/gcc/arm-none-eabi/11.3.1/thumb/v7e-m+fp/hard/crtn.o
                0x0000000020020000                _estack = (ORIGIN (RAM) + LENGTH (RAM))
                0x0000000000000200                _Min_Heap_Size = 0x200
                0x0000000000000400                _Min_Stack_Size = 0x400

.isr_vector     0x0000000008000000      0x1c4
                0x0000000008000000                . = ALIGN (0x4)
 *(.isr_vector)
 .isr_vector    0x0000000008000000      0x1c4 ./Core/Startup/startup_stm32f446retx.o
                0x0000000008000000                g_pfnVectors
                0x00000000080001c4                . = ALIGN (0x4)

.text           0x00000000080001d0    0x18ca0
                0x00000000080001d0                . = ALIGN (0x4)
 *(.text)
 .text          0x00000000080001d0       0x40 C:/ST/STM32CubeIDE_1.13.1/STM32CubeIDE/plugins/com.st.stm32cube.ide.mcu.externaltools.gnu-tools-for-stm32.11.3.rel1.win32_1.1.0.202305231506/tools/bin/../lib/gcc/arm-none-eabi/11.3.1/thumb/v7e-m+fp/hard/crtbegin.o
 .text          0x0000000008000210       0xa0 C:/ST/STM32CubeIDE_1.13.1/STM32CubeIDE/plugins/com.st.stm32cube.ide.mcu.externaltools.gnu-tools-for-stm32.11.3.rel1.win32_1.1.0.202305231506/tools/bin/../lib/gcc/arm-none-eabi/11.3.1/../../../../arm-none-eabi/lib/thumb/v7e-m+fp/hard\libc_nano.a(libc_a-memchr.o)
                0x0000000008000210                memchr
 .text          0x00000000080002b0       0x30 C:/ST/STM32CubeIDE_1.13.1/STM32CubeIDE/plugins/com.st.stm32cube.ide.mcu.externaltools.gnu-tools-for-stm32.11.3.rel1.win32_1.1.0.202305231506/tools/bin/../lib/gcc/arm-none-eabi/11.3.1/thumb/v7e-m+fp/hard\libgcc.a(_aeabi_uldivmod.o)
                0x00000000080002b0                __aeabi_uldivmod
 .text          0x00000000080002e0      0x2c8 C:/ST/STM32CubeIDE_1.13.1/STM32CubeIDE/plugins/com.st.stm32cube.ide.mcu.externaltools.gnu-tools-for-stm32.11.3.rel1.win32_1.1.0.202305231506/tools/bin/../lib/gcc/arm-none-eabi/11.3.1/thumb/v7e-m+fp/hard\libgcc.a(_udivmoddi4.o)
                0x00000000080002e0                __udivmoddi4
 .text          0x00000000080005a8        0x4 C:/ST/STM32CubeIDE_1.13.1/STM32CubeIDE/plugins/com.st.stm32cube.ide.mcu.externaltools.gnu-tools-for-stm32.11.3.rel1.win32_1.1.0.202305231506/tools/bin/../lib/gcc/arm-none-eabi/11.3.1/thumb/v7e-m+fp/hard\libgcc.a(_dvmd_tls.o)
                0x00000000080005a8                __aeabi_idiv0
                0x00000000080005a8                __aeabi_ldiv0
 *(.text*)
 .text.SystemClock_Config
                0x00000000080005ac       0xa0 ./Core/Src/main.o
                0x00000000080005ac                SystemClock_Config
 .text.startup.main
                0x000000000800064c      0x248 ./Core/Src/main.o
                0x000000000800064c                main
 .text.Error_Handler
                0x0000000008000894        0x4 ./Core/Src/main.o
                0x0000000008000894                Error_Handler
 .text.HAL_MspInit
                0x0000000008000898       0x38 ./Core/Src/stm32f4xx_hal_msp.o
                0x0000000008000898                HAL_MspInit
 .text.HAL_CRC_MspInit
                0x00000000080008d0       0x30 ./Core/Src/stm32f4xx_hal_msp.o
                0x00000000080008d0                HAL_CRC_MspInit
 .text.HAL_SPI_MspInit
                0x0000000008000900       0xb4 ./Core/Src/stm32f4xx_hal_msp.o
                0x0000000008000900                HAL_SPI_MspInit
 .text.HAL_TIM_Base_MspInit
                0x00000000080009b4       0x30 ./Core/Src/stm32f4xx_hal_msp.o
                0x00000000080009b4                HAL_TIM_Base_MspInit
 .text.HAL_UART_MspInit
                0x00000000080009e4       0x6c ./Core/Src/stm32f4xx_hal_msp.o
                0x00000000080009e4                HAL_UART_MspInit
 .text.NMI_Handler
                0x0000000008000a50        0x2 ./Core/Src/stm32f4xx_it.o
                0x0000000008000a50                NMI_Handler
 .text.HardFault_Handler
                0x0000000008000a52        0x2 ./Core/Src/stm32f4xx_it.o
                0x0000000008000a52                HardFault_Handler
 .text.MemManage_Handler
                0x0000000008000a54        0x2 ./Core/Src/stm32f4xx_it.o
                0x0000000008000a54                MemManage_Handler
 .text.BusFault_Handler
                0x0000000008000a56        0x2 ./Core/Src/stm32f4xx_it.o
                0x0000000008000a56                BusFault_Handler
 .text.UsageFault_Handler
                0x0000000008000a58        0x2 ./Core/Src/stm32f4xx_it.o
                0x0000000008000a58                UsageFault_Handler
 .text.SVC_Handler
                0x0000000008000a5a        0x2 ./Core/Src/stm32f4xx_it.o
                0x0000000008000a5a                SVC_Handler
 .text.DebugMon_Handler
                0x0000000008000a5c        0x2 ./Core/Src/stm32f4xx_it.o
                0x0000000008000a5c                DebugMon_Handler
 .text.PendSV_Handler
                0x0000000008000a5e        0x2 ./Core/Src/stm32f4xx_it.o
                0x0000000008000a5e                PendSV_Handler
 .text.SysTick_Handler
                0x0000000008000a60        0x4 ./Core/Src/stm32f4xx_it.o
                0x0000000008000a60                SysTick_Handler
 .text.SPI1_IRQHandler
                0x0000000008000a64        0xc ./Core/Src/stm32f4xx_it.o
                0x0000000008000a64                SPI1_IRQHandler
 .text.EXTI15_10_IRQHandler
                0x0000000008000a70        0x8 ./Core/Src/stm32f4xx_it.o
                0x0000000008000a70                EXTI15_10_IRQHandler
 .text.DMA2_Stream3_IRQHandler
                0x0000000008000a78        0xc ./Core/Src/stm32f4xx_it.o
                0x0000000008000a78                DMA2_Stream3_IRQHandler
 .text._getpid  0x0000000008000a84        0x4 ./Core/Src/syscalls.o
                0x0000000008000a84                _getpid
 .text._kill    0x0000000008000a88       0x10 ./Core/Src/syscalls.o
                0x0000000008000a88                _kill
 .text._exit    0x0000000008000a98        0xc ./Core/Src/syscalls.o
                0x0000000008000a98                _exit
 .text._read    0x0000000008000aa4       0x1c ./Core/Src/syscalls.o
                0x0000000008000aa4                _read
 .text._write   0x0000000008000ac0       0x1c ./Core/Src/syscalls.o
                0x0000000008000ac0                _write
 .text._close   0x0000000008000adc        0x6 ./Core/Src/syscalls.o
                0x0000000008000adc                _close
 .text._fstat   0x0000000008000ae2        0xa ./Core/Src/syscalls.o
                0x0000000008000ae2                _fstat
 .text._isatty  0x0000000008000aec        0x4 ./Core/Src/syscalls.o
                0x0000000008000aec                _isatty
 .text._lseek   0x0000000008000af0        0x4 ./Core/Src/syscalls.o
                0x0000000008000af0                _lseek
 .text._sbrk    0x0000000008000af4       0x40 ./Core/Src/sysmem.o
                0x0000000008000af4                _sbrk
 .text.SystemInit
                0x0000000008000b34       0x14 ./Core/Src/system_stm32f4xx.o
                0x0000000008000b34                SystemInit
 .text.Displ_Select
                0x0000000008000b48       0x50 ./Core/Src/z_displ_ILI9XXX.o
                0x0000000008000b48                Displ_Select
 .text.Displ_Transmit
                0x0000000008000b98       0x7c ./Core/Src/z_displ_ILI9XXX.o
                0x0000000008000b98                Displ_Transmit
 .text.Displ_WriteCommand
                0x0000000008000c14       0x1a ./Core/Src/z_displ_ILI9XXX.o
                0x0000000008000c14                Displ_WriteCommand
 .text.Displ_WriteData
                0x0000000008000c2e       0x10 ./Core/Src/z_displ_ILI9XXX.o
                0x0000000008000c2e                Displ_WriteData
 *fill*         0x0000000008000c3e        0x2 
 .text.ILI9XXX_Init
                0x0000000008000c40       0x88 ./Core/Src/z_displ_ILI9XXX.o
                0x0000000008000c40                ILI9XXX_Init
 .text.Displ_SetAddressWindow
                0x0000000008000cc8       0x64 ./Core/Src/z_displ_ILI9XXX.o
                0x0000000008000cc8                Displ_SetAddressWindow
 .text.Displ_Orientation
                0x0000000008000d2c       0x6c ./Core/Src/z_displ_ILI9XXX.o
                0x0000000008000d2c                Displ_Orientation
 .text.Displ_Init
                0x0000000008000d98       0x34 ./Core/Src/z_displ_ILI9XXX.o
                0x0000000008000d98                Displ_Init
 .text.HAL_SPI_ErrorCallback
                0x0000000008000dcc       0x18 ./Core/Src/z_displ_ILI9XXX.o
                0x0000000008000dcc                HAL_SPI_ErrorCallback
 .text.HAL_SPI_TxCpltCallback
                0x0000000008000de4       0x1c ./Core/Src/z_displ_ILI9XXX.o
                0x0000000008000de4                HAL_SPI_TxCpltCallback
 .text.Displ_BackLight
                0x0000000008000e00       0x38 ./Core/Src/z_displ_ILI9XXX.o
                0x0000000008000e00                Displ_BackLight
 .text.touchgfxDisplayDriverTransmitActive
                0x0000000008000e38       0x10 ./Core/Src/z_displ_ILI9XXX.o
                0x0000000008000e38                touchgfxDisplayDriverTransmitActive
 .text.touchgfxDisplayDriverTransmitBlock
                0x0000000008000e48       0x30 ./Core/Src/z_displ_ILI9XXX.o
                0x0000000008000e48                touchgfxDisplayDriverTransmitBlock
 .text.Touch_HandlePenDownInterrupt
                0x0000000008000e78       0x18 ./Core/Src/z_touch_XPT2046.o
                0x0000000008000e78                Touch_HandlePenDownInterrupt
 .text.HAL_GPIO_EXTI_Callback
                0x0000000008000e90        0xc ./Core/Src/z_touch_XPT2046.o
                0x0000000008000e90                HAL_GPIO_EXTI_Callback
 .text.Touch_Select
                0x0000000008000e9c       0x58 ./Core/Src/z_touch_XPT2046.o
                0x0000000008000e9c                Touch_Select
 .text.Touch_UnSelect
                0x0000000008000ef4       0x10 ./Core/Src/z_touch_XPT2046.o
                0x0000000008000ef4                Touch_UnSelect
 .text.Touch_PollAxis
                0x0000000008000f04       0x68 ./Core/Src/z_touch_XPT2046.o
                0x0000000008000f04                Touch_PollAxis
 .text.Touch_GetXYtouch
                0x0000000008000f6c       0xfc ./Core/Src/z_touch_XPT2046.o
                0x0000000008000f6c                Touch_GetXYtouch
 .text.Touch_TouchGFXSampleTouch
                0x0000000008001068       0xc8 ./Core/Src/z_touch_XPT2046.o
                0x0000000008001068                Touch_TouchGFXSampleTouch
 .text.Reset_Handler
                0x0000000008001130       0x50 ./Core/Startup/startup_stm32f446retx.o
                0x0000000008001130                Reset_Handler
 .text.Default_Handler
                0x0000000008001180        0x2 ./Core/Startup/startup_stm32f446retx.o
                0x0000000008001180                RTC_Alarm_IRQHandler
                0x0000000008001180                EXTI2_IRQHandler
                0x0000000008001180                TIM8_CC_IRQHandler
                0x0000000008001180                FMPI2C1_EV_IRQHandler
                0x0000000008001180                SPI4_IRQHandler
                0x0000000008001180                TIM1_CC_IRQHandler
                0x0000000008001180                DMA2_Stream5_IRQHandler
                0x0000000008001180                DMA1_Stream5_IRQHandler
                0x0000000008001180                PVD_IRQHandler
                0x0000000008001180                SDIO_IRQHandler
                0x0000000008001180                TAMP_STAMP_IRQHandler
                0x0000000008001180                CAN2_RX1_IRQHandler
                0x0000000008001180                EXTI3_IRQHandler
                0x0000000008001180                TIM8_TRG_COM_TIM14_IRQHandler
                0x0000000008001180                TIM1_UP_TIM10_IRQHandler
                0x0000000008001180                TIM8_UP_TIM13_IRQHandler
                0x0000000008001180                I2C3_ER_IRQHandler
                0x0000000008001180                EXTI0_IRQHandler
                0x0000000008001180                I2C2_EV_IRQHandler
                0x0000000008001180                DMA1_Stream2_IRQHandler
                0x0000000008001180                CAN1_RX0_IRQHandler
                0x0000000008001180                FPU_IRQHandler
                0x0000000008001180                OTG_HS_WKUP_IRQHandler
                0x0000000008001180                CAN2_SCE_IRQHandler
                0x0000000008001180                DMA2_Stream2_IRQHandler
                0x0000000008001180                TIM6_DAC_IRQHandler
                0x0000000008001180                TIM1_BRK_TIM9_IRQHandler
                0x0000000008001180                DCMI_IRQHandler
                0x0000000008001180                CAN2_RX0_IRQHandler
                0x0000000008001180                SAI2_IRQHandler
                0x0000000008001180                USART6_IRQHandler
                0x0000000008001180                USART3_IRQHandler
                0x0000000008001180                CAN1_RX1_IRQHandler
                0x0000000008001180                UART5_IRQHandler
                0x0000000008001180                DMA2_Stream0_IRQHandler
                0x0000000008001180                TIM4_IRQHandler
                0x0000000008001180                QUADSPI_IRQHandler
                0x0000000008001180                I2C1_EV_IRQHandler
                0x0000000008001180                DMA1_Stream6_IRQHandler
                0x0000000008001180                DMA1_Stream1_IRQHandler
                0x0000000008001180                UART4_IRQHandler
                0x0000000008001180                TIM3_IRQHandler
                0x0000000008001180                RCC_IRQHandler
                0x0000000008001180                TIM8_BRK_TIM12_IRQHandler
                0x0000000008001180                Default_Handler
                0x0000000008001180                CEC_IRQHandler
                0x0000000008001180                ADC_IRQHandler
                0x0000000008001180                DMA1_Stream7_IRQHandler
                0x0000000008001180                TIM7_IRQHandler
                0x0000000008001180                CAN2_TX_IRQHandler
                0x0000000008001180                TIM5_IRQHandler
                0x0000000008001180                DMA2_Stream7_IRQHandler
                0x0000000008001180                I2C3_EV_IRQHandler
                0x0000000008001180                EXTI9_5_IRQHandler
                0x0000000008001180                RTC_WKUP_IRQHandler
                0x0000000008001180                SPDIF_RX_IRQHandler
                0x0000000008001180                SPI2_IRQHandler
                0x0000000008001180                OTG_HS_EP1_IN_IRQHandler
                0x0000000008001180                DMA1_Stream0_IRQHandler
                0x0000000008001180                CAN1_TX_IRQHandler
                0x0000000008001180                FMPI2C1_ER_IRQHandler
                0x0000000008001180                EXTI4_IRQHandler
                0x0000000008001180                OTG_HS_EP1_OUT_IRQHandler
                0x0000000008001180                WWDG_IRQHandler
                0x0000000008001180                TIM2_IRQHandler
                0x0000000008001180                OTG_FS_WKUP_IRQHandler
                0x0000000008001180                TIM1_TRG_COM_TIM11_IRQHandler
                0x0000000008001180                OTG_HS_IRQHandler
                0x0000000008001180                EXTI1_IRQHandler
                0x0000000008001180                USART2_IRQHandler
                0x0000000008001180                I2C2_ER_IRQHandler
                0x0000000008001180                DMA2_Stream1_IRQHandler
                0x0000000008001180                CAN1_SCE_IRQHandler
                0x0000000008001180                FLASH_IRQHandler
                0x0000000008001180                DMA2_Stream4_IRQHandler
                0x0000000008001180                USART1_IRQHandler
                0x0000000008001180                OTG_FS_IRQHandler
                0x0000000008001180                SPI3_IRQHandler
                0x0000000008001180                DMA1_Stream4_IRQHandler
                0x0000000008001180                I2C1_ER_IRQHandler
                0x0000000008001180                FMC_IRQHandler
                0x0000000008001180                DMA2_Stream6_IRQHandler
                0x0000000008001180                SAI1_IRQHandler
                0x0000000008001180                DMA1_Stream3_IRQHandler
 *fill*         0x0000000008001182        0x2 
 .text.HAL_InitTick
                0x0000000008001184       0x48 ./Drivers/STM32F4xx_HAL_Driver/Src/stm32f4xx_hal.o
                0x0000000008001184                HAL_InitTick
 .text.HAL_Init
                0x00000000080011cc       0x34 ./Drivers/STM32F4xx_HAL_Driver/Src/stm32f4xx_hal.o
                0x00000000080011cc                HAL_Init
 .text.HAL_IncTick
                0x0000000008001200       0x18 ./Drivers/STM32F4xx_HAL_Driver/Src/stm32f4xx_hal.o
                0x0000000008001200                HAL_IncTick
 .text.HAL_GetTick
                0x0000000008001218        0xc ./Drivers/STM32F4xx_HAL_Driver/Src/stm32f4xx_hal.o
                0x0000000008001218                HAL_GetTick
 .text.HAL_Delay
                0x0000000008001224       0x28 ./Drivers/STM32F4xx_HAL_Driver/Src/stm32f4xx_hal.o
                0x0000000008001224                HAL_Delay
 .text.HAL_NVIC_SetPriorityGrouping
                0x000000000800124c       0x24 ./Drivers/STM32F4xx_HAL_Driver/Src/stm32f4xx_hal_cortex.o
                0x000000000800124c                HAL_NVIC_SetPriorityGrouping
 .text.HAL_NVIC_SetPriority
                0x0000000008001270       0x64 ./Drivers/STM32F4xx_HAL_Driver/Src/stm32f4xx_hal_cortex.o
                0x0000000008001270                HAL_NVIC_SetPriority
 .text.HAL_NVIC_EnableIRQ
                0x00000000080012d4       0x1c ./Drivers/STM32F4xx_HAL_Driver/Src/stm32f4xx_hal_cortex.o
                0x00000000080012d4                HAL_NVIC_EnableIRQ
 .text.HAL_NVIC_DisableIRQ
                0x00000000080012f0       0x24 ./Drivers/STM32F4xx_HAL_Driver/Src/stm32f4xx_hal_cortex.o
                0x00000000080012f0                HAL_NVIC_DisableIRQ
 .text.HAL_SYSTICK_Config
                0x0000000008001314       0x28 ./Drivers/STM32F4xx_HAL_Driver/Src/stm32f4xx_hal_cortex.o
                0x0000000008001314                HAL_SYSTICK_Config
 .text.HAL_NVIC_ClearPendingIRQ
                0x000000000800133c       0x1c ./Drivers/STM32F4xx_HAL_Driver/Src/stm32f4xx_hal_cortex.o
                0x000000000800133c                HAL_NVIC_ClearPendingIRQ
 .text.HAL_CRC_Init
                0x0000000008001358       0x20 ./Drivers/STM32F4xx_HAL_Driver/Src/stm32f4xx_hal_crc.o
                0x0000000008001358                HAL_CRC_Init
 .text.DMA_CalcBaseAndBitshift
                0x0000000008001378       0x2c ./Drivers/STM32F4xx_HAL_Driver/Src/stm32f4xx_hal_dma.o
 .text.HAL_DMA_Init
                0x00000000080013a4       0xfc ./Drivers/STM32F4xx_HAL_Driver/Src/stm32f4xx_hal_dma.o
                0x00000000080013a4                HAL_DMA_Init
 .text.HAL_DMA_Start_IT
                0x00000000080014a0       0x74 ./Drivers/STM32F4xx_HAL_Driver/Src/stm32f4xx_hal_dma.o
                0x00000000080014a0                HAL_DMA_Start_IT
 .text.HAL_DMA_Abort_IT
                0x0000000008001514       0x24 ./Drivers/STM32F4xx_HAL_Driver/Src/stm32f4xx_hal_dma.o
                0x0000000008001514                HAL_DMA_Abort_IT
 .text.HAL_DMA_IRQHandler
                0x0000000008001538      0x17c ./Drivers/STM32F4xx_HAL_Driver/Src/stm32f4xx_hal_dma.o
                0x0000000008001538                HAL_DMA_IRQHandler
 .text.HAL_GPIO_Init
                0x00000000080016b4      0x1a8 ./Drivers/STM32F4xx_HAL_Driver/Src/stm32f4xx_hal_gpio.o
                0x00000000080016b4                HAL_GPIO_Init
 .text.HAL_GPIO_ReadPin
                0x000000000800185c        0xc ./Drivers/STM32F4xx_HAL_Driver/Src/stm32f4xx_hal_gpio.o
                0x000000000800185c                HAL_GPIO_ReadPin
 .text.HAL_GPIO_WritePin
                0x0000000008001868        0xa ./Drivers/STM32F4xx_HAL_Driver/Src/stm32f4xx_hal_gpio.o
                0x0000000008001868                HAL_GPIO_WritePin
 .text.HAL_GPIO_TogglePin
                0x0000000008001872       0x12 ./Drivers/STM32F4xx_HAL_Driver/Src/stm32f4xx_hal_gpio.o
                0x0000000008001872                HAL_GPIO_TogglePin
 .text.HAL_GPIO_EXTI_IRQHandler
                0x0000000008001884       0x18 ./Drivers/STM32F4xx_HAL_Driver/Src/stm32f4xx_hal_gpio.o
                0x0000000008001884                HAL_GPIO_EXTI_IRQHandler
 .text.HAL_RCC_ClockConfig
                0x000000000800189c      0x134 ./Drivers/STM32F4xx_HAL_Driver/Src/stm32f4xx_hal_rcc.o
                0x000000000800189c                HAL_RCC_ClockConfig
 .text.HAL_RCC_GetPCLK1Freq
                0x00000000080019d0       0x20 ./Drivers/STM32F4xx_HAL_Driver/Src/stm32f4xx_hal_rcc.o
                0x00000000080019d0                HAL_RCC_GetPCLK1Freq
 .text.HAL_RCC_GetPCLK2Freq
                0x00000000080019f0       0x20 ./Drivers/STM32F4xx_HAL_Driver/Src/stm32f4xx_hal_rcc.o
                0x00000000080019f0                HAL_RCC_GetPCLK2Freq
 .text.HAL_RCC_GetSysClockFreq
                0x0000000008001a10       0x90 ./Drivers/STM32F4xx_HAL_Driver/Src/stm32f4xx_hal_rcc_ex.o
                0x0000000008001a10                HAL_RCC_GetSysClockFreq
 .text.HAL_RCC_OscConfig
                0x0000000008001aa0      0x398 ./Drivers/STM32F4xx_HAL_Driver/Src/stm32f4xx_hal_rcc_ex.o
                0x0000000008001aa0                HAL_RCC_OscConfig
 .text.SPI_WaitFlagStateUntilTimeout.constprop.0
                0x0000000008001e38       0xac ./Drivers/STM32F4xx_HAL_Driver/Src/stm32f4xx_hal_spi.o
 .text.SPI_EndRxTransaction
                0x0000000008001ee4       0x54 ./Drivers/STM32F4xx_HAL_Driver/Src/stm32f4xx_hal_spi.o
 .text.SPI_EndRxTxTransaction
                0x0000000008001f38       0x58 ./Drivers/STM32F4xx_HAL_Driver/Src/stm32f4xx_hal_spi.o
 .text.HAL_SPI_Init
                0x0000000008001f90       0xb8 ./Drivers/STM32F4xx_HAL_Driver/Src/stm32f4xx_hal_spi.o
                0x0000000008001f90                HAL_SPI_Init
 .text.HAL_SPI_Transmit
                0x0000000008002048      0x15a ./Drivers/STM32F4xx_HAL_Driver/Src/stm32f4xx_hal_spi.o
                0x0000000008002048                HAL_SPI_Transmit
 .text.HAL_SPI_TransmitReceive
                0x00000000080021a2      0x1de ./Drivers/STM32F4xx_HAL_Driver/Src/stm32f4xx_hal_spi.o
                0x00000000080021a2                HAL_SPI_TransmitReceive
 .text.HAL_SPI_Receive
                0x0000000008002380      0x13a ./Drivers/STM32F4xx_HAL_Driver/Src/stm32f4xx_hal_spi.o
                0x0000000008002380                HAL_SPI_Receive
 *fill*         0x00000000080024ba        0x2 
 .text.HAL_SPI_Transmit_DMA
                0x00000000080024bc       0xc8 ./Drivers/STM32F4xx_HAL_Driver/Src/stm32f4xx_hal_spi.o
                0x00000000080024bc                HAL_SPI_Transmit_DMA
 .text.HAL_SPI_TxHalfCpltCallback
                0x0000000008002584        0x2 ./Drivers/STM32F4xx_HAL_Driver/Src/stm32f4xx_hal_spi.o
                0x0000000008002584                HAL_SPI_TxHalfCpltCallback
 .text.SPI_DMAHalfTransmitCplt
                0x0000000008002586        0xa ./Drivers/STM32F4xx_HAL_Driver/Src/stm32f4xx_hal_spi.o
 .text.SPI_DMAError
                0x0000000008002590       0x22 ./Drivers/STM32F4xx_HAL_Driver/Src/stm32f4xx_hal_spi.o
 .text.SPI_DMATransmitCplt
                0x00000000080025b2       0x6a ./Drivers/STM32F4xx_HAL_Driver/Src/stm32f4xx_hal_spi.o
 .text.HAL_SPI_IRQHandler
                0x000000000800261c       0xfc ./Drivers/STM32F4xx_HAL_Driver/Src/stm32f4xx_hal_spi.o
                0x000000000800261c                HAL_SPI_IRQHandler
 .text.SPI_DMAAbortOnError
                0x0000000008002718       0x10 ./Drivers/STM32F4xx_HAL_Driver/Src/stm32f4xx_hal_spi.o
 .text.TIM_Base_SetConfig
                0x0000000008002728       0xcc ./Drivers/STM32F4xx_HAL_Driver/Src/stm32f4xx_hal_tim.o
                0x0000000008002728                TIM_Base_SetConfig
 .text.HAL_TIM_Base_Init
                0x00000000080027f4       0x58 ./Drivers/STM32F4xx_HAL_Driver/Src/stm32f4xx_hal_tim.o
                0x00000000080027f4                HAL_TIM_Base_Init
 .text.TIM_ETR_SetConfig
                0x000000000800284c       0x14 ./Drivers/STM32F4xx_HAL_Driver/Src/stm32f4xx_hal_tim.o
                0x000000000800284c                TIM_ETR_SetConfig
 .text.HAL_TIM_ConfigClockSource
                0x0000000008002860      0x132 ./Drivers/STM32F4xx_HAL_Driver/Src/stm32f4xx_hal_tim.o
                0x0000000008002860                HAL_TIM_ConfigClockSource
 *fill*         0x0000000008002992        0x2 
 .text.HAL_TIMEx_MasterConfigSynchronization
                0x0000000008002994       0x7c ./Drivers/STM32F4xx_HAL_Driver/Src/stm32f4xx_hal_tim_ex.o
                0x0000000008002994                HAL_TIMEx_MasterConfigSynchronization
 .text.UART_SetConfig
                0x0000000008002a10       0xbc ./Drivers/STM32F4xx_HAL_Driver/Src/stm32f4xx_hal_uart.o
 .text.HAL_UART_Init
                0x0000000008002acc       0x5c ./Drivers/STM32F4xx_HAL_Driver/Src/stm32f4xx_hal_uart.o
                0x0000000008002acc                HAL_UART_Init
 .text.MX_TouchGFX_Init
                0x0000000008002b28        0xe ./TouchGFX/App/app_touchgfx.o
                0x0000000008002b28                MX_TouchGFX_Init
 .text.MX_TouchGFX_Process
                0x0000000008002b36        0x4 ./TouchGFX/App/app_touchgfx.o
                0x0000000008002b36                MX_TouchGFX_Process
 .text._ZN23ApplicationFontProviderD2Ev
                0x0000000008002b3a        0x2 ./TouchGFX/generated/fonts/src/ApplicationFontProvider.o
                0x0000000008002b3a                ApplicationFontProvider::~ApplicationFontProvider()
                0x0000000008002b3a                ApplicationFontProvider::~ApplicationFontProvider()
 .text._ZN23ApplicationFontProviderD0Ev
                0x0000000008002b3c        0xe ./TouchGFX/generated/fonts/src/ApplicationFontProvider.o
                0x0000000008002b3c                ApplicationFontProvider::~ApplicationFontProvider()
 .text._ZN23ApplicationFontProvider7getFontEt
                0x0000000008002b4a       0x28 ./TouchGFX/generated/fonts/src/ApplicationFontProvider.o
                0x0000000008002b4a                ApplicationFontProvider::getFont(unsigned short)
 .text._ZNK8touchgfx4Font8getGlyphEt
                0x0000000008002b72       0x20 ./TouchGFX/generated/fonts/src/CachedFont.o
                0x0000000008002b72                touchgfx::Font::getGlyph(unsigned short) const
 .text._ZNK8touchgfx4Font15getFallbackCharEv
                0x0000000008002b92        0x4 ./TouchGFX/generated/fonts/src/CachedFont.o
                0x0000000008002b92                touchgfx::Font::getFallbackChar() const
 .text._ZNK8touchgfx4Font15getEllipsisCharEv
                0x0000000008002b96        0x4 ./TouchGFX/generated/fonts/src/CachedFont.o
                0x0000000008002b96                touchgfx::Font::getEllipsisChar() const
 .text._ZNK8touchgfx4Font11getBaselineEv
                0x0000000008002b9a        0x4 ./TouchGFX/generated/fonts/src/CachedFont.o
                0x0000000008002b9a                touchgfx::Font::getBaseline() const
 .text._ZNK8touchgfx4Font9getHeightEv
                0x0000000008002b9e        0x4 ./TouchGFX/generated/fonts/src/CachedFont.o
                0x0000000008002b9e                touchgfx::Font::getHeight() const
 .text._ZNK8touchgfx4Font15getBitsPerPixelEv
                0x0000000008002ba2        0x8 ./TouchGFX/generated/fonts/src/CachedFont.o
                0x0000000008002ba2                touchgfx::Font::getBitsPerPixel() const
 .text._ZNK8touchgfx4Font15getByteAlignRowEv
                0x0000000008002baa        0x6 ./TouchGFX/generated/fonts/src/CachedFont.o
                0x0000000008002baa                touchgfx::Font::getByteAlignRow() const
 .text._ZN8touchgfx9TypedTextD2Ev
                0x0000000008002bb0        0x2 ./TouchGFX/generated/fonts/src/FontCache.o
                0x0000000008002bb0                touchgfx::TypedText::~TypedText()
                0x0000000008002bb0                touchgfx::TypedText::~TypedText()
 .text._ZN8touchgfx9TypedTextD0Ev
                0x0000000008002bb2        0xe ./TouchGFX/generated/fonts/src/FontCache.o
                0x0000000008002bb2                touchgfx::TypedText::~TypedText()
 .text._ZNK8touchgfx13GeneratedFont12getGSUBTableEv
                0x0000000008002bc0        0x4 ./TouchGFX/generated/fonts/src/GeneratedFont.o
                0x0000000008002bc0                touchgfx::GeneratedFont::getGSUBTable() const
 .text._ZNK8touchgfx13GeneratedFont23getContextualFormsTableEv
                0x0000000008002bc4        0x4 ./TouchGFX/generated/fonts/src/GeneratedFont.o
                0x0000000008002bc4                touchgfx::GeneratedFont::getContextualFormsTable() const
 .text._ZN8touchgfx13GeneratedFontD2Ev
                0x0000000008002bc8        0x2 ./TouchGFX/generated/fonts/src/GeneratedFont.o
                0x0000000008002bc8                touchgfx::GeneratedFont::~GeneratedFont()
                0x0000000008002bc8                touchgfx::GeneratedFont::~GeneratedFont()
 .text._ZNK8touchgfx13GeneratedFont12getPixelDataEPKNS_9GlyphNodeE
                0x0000000008002bca       0x10 ./TouchGFX/generated/fonts/src/GeneratedFont.o
                0x0000000008002bca                touchgfx::GeneratedFont::getPixelData(touchgfx::GlyphNode const*) const
 .text._ZNK8touchgfx13GeneratedFont10getKerningEtPKNS_9GlyphNodeE
                0x0000000008002bda       0x3a ./TouchGFX/generated/fonts/src/GeneratedFont.o
                0x0000000008002bda                touchgfx::GeneratedFont::getKerning(unsigned short, touchgfx::GlyphNode const*) const
 .text._ZN8touchgfx13GeneratedFontD0Ev
                0x0000000008002c14        0xe ./TouchGFX/generated/fonts/src/GeneratedFont.o
                0x0000000008002c14                touchgfx::GeneratedFont::~GeneratedFont()
 *fill*         0x0000000008002c22        0x2 
 .text._ZN8touchgfx13GeneratedFontC2EPKNS_9GlyphNodeEttthhhhhhPKPKhPKNS_11KerningNodeEttPKtPKNS_24FontContextualFormsTableE
                0x0000000008002c24       0x60 ./TouchGFX/generated/fonts/src/GeneratedFont.o
                0x0000000008002c24                touchgfx::GeneratedFont::GeneratedFont(touchgfx::GlyphNode const*, unsigned short, unsigned short, unsigned short, unsigned char, unsigned char, unsigned char, unsigned char, unsigned char, unsigned char, unsigned char const* const*, touchgfx::KerningNode const*, unsigned short, unsigned short, unsigned short const*, touchgfx::FontContextualFormsTable const*)
                0x0000000008002c24                touchgfx::GeneratedFont::GeneratedFont(touchgfx::GlyphNode const*, unsigned short, unsigned short, unsigned short, unsigned char, unsigned char, unsigned char, unsigned char, unsigned char, unsigned char, unsigned char const* const*, touchgfx::KerningNode const*, unsigned short, unsigned short, unsigned short const*, touchgfx::FontContextualFormsTable const*)
 .text.__tcf_0  0x0000000008002c84        0x2 ./TouchGFX/generated/fonts/src/Table_verdana_10_4bpp.o
 *fill*         0x0000000008002c86        0x2 
 .text._Z23getFont_verdana_10_4bppv
                0x0000000008002c88       0x74 ./TouchGFX/generated/fonts/src/Table_verdana_10_4bpp.o
                0x0000000008002c88                getFont_verdana_10_4bpp()
 .text.__tcf_0  0x0000000008002cfc        0x2 ./TouchGFX/generated/fonts/src/Table_verdana_20_4bpp.o
 *fill*         0x0000000008002cfe        0x2 
 .text._Z23getFont_verdana_20_4bppv
                0x0000000008002d00       0x74 ./TouchGFX/generated/fonts/src/Table_verdana_20_4bpp.o
                0x0000000008002d00                getFont_verdana_20_4bpp()
 .text.__tcf_0  0x0000000008002d74        0x2 ./TouchGFX/generated/fonts/src/Table_verdana_40_4bpp.o
 *fill*         0x0000000008002d76        0x2 
 .text._Z23getFont_verdana_40_4bppv
                0x0000000008002d78       0x74 ./TouchGFX/generated/fonts/src/Table_verdana_40_4bpp.o
                0x0000000008002d78                getFont_verdana_40_4bpp()
 .text._ZN8touchgfx11Application19changeToStartScreenEv
                0x0000000008002dec        0x2 ./TouchGFX/generated/gui_generated/src/common/FrontendApplicationBase.o
                0x0000000008002dec                touchgfx::Application::changeToStartScreen()
 .text._ZN8touchgfx11Application15appSwitchScreenEh
                0x0000000008002dee        0x2 ./TouchGFX/generated/gui_generated/src/common/FrontendApplicationBase.o
                0x0000000008002dee                touchgfx::Application::appSwitchScreen(unsigned char)
 .text._ZN8touchgfx11Application13requestRedrawERNS_4RectE
                0x0000000008002df0        0xc ./TouchGFX/generated/gui_generated/src/common/FrontendApplicationBase.o
                0x0000000008002df0                touchgfx::Application::requestRedraw(touchgfx::Rect&)
 .text._ZN8touchgfx10Transition8tearDownEv
                0x0000000008002dfc        0x2 ./TouchGFX/generated/gui_generated/src/common/FrontendApplicationBase.o
                0x0000000008002dfc                touchgfx::Transition::tearDown()
 .text._ZN8touchgfx10Transition4initEv
                0x0000000008002dfe        0x2 ./TouchGFX/generated/gui_generated/src/common/FrontendApplicationBase.o
                0x0000000008002dfe                touchgfx::Transition::init()
 .text._ZN8touchgfx10Transition18setScreenContainerERNS_9ContainerE
                0x0000000008002e00        0x4 ./TouchGFX/generated/gui_generated/src/common/FrontendApplicationBase.o
                0x0000000008002e00                touchgfx::Transition::setScreenContainer(touchgfx::Container&)
 .text._ZN23FrontendApplicationBaseD2Ev
                0x0000000008002e04        0x2 ./TouchGFX/generated/gui_generated/src/common/FrontendApplicationBase.o
                0x0000000008002e04                FrontendApplicationBase::~FrontendApplicationBase()
                0x0000000008002e04                FrontendApplicationBase::~FrontendApplicationBase()
 *fill*         0x0000000008002e06        0x2 
 .text._ZN23FrontendApplicationBase19changeToStartScreenEv
                0x0000000008002e08       0x20 ./TouchGFX/generated/gui_generated/src/common/FrontendApplicationBase.o
                0x0000000008002e08                FrontendApplicationBase::changeToStartScreen()
 .text._ZN8touchgfx12NoTransition15handleTickEventEv
                0x0000000008002e28        0x6 ./TouchGFX/generated/gui_generated/src/common/FrontendApplicationBase.o
                0x0000000008002e28                touchgfx::NoTransition::handleTickEvent()
 .text._ZN8touchgfx12NoTransitionD2Ev
                0x0000000008002e2e        0x2 ./TouchGFX/generated/gui_generated/src/common/FrontendApplicationBase.o
                0x0000000008002e2e                touchgfx::NoTransition::~NoTransition()
                0x0000000008002e2e                touchgfx::NoTransition::~NoTransition()
 .text._ZN8touchgfx8CallbackI23FrontendApplicationBasevvvED2Ev
                0x0000000008002e30        0x2 ./TouchGFX/generated/gui_generated/src/common/FrontendApplicationBase.o
                0x0000000008002e30                touchgfx::Callback<FrontendApplicationBase, void, void, void>::~Callback()
                0x0000000008002e30                touchgfx::Callback<FrontendApplicationBase, void, void, void>::~Callback()
 .text._ZN8touchgfx8CallbackI23FrontendApplicationBasevvvE7executeEv
                0x0000000008002e32       0x20 ./TouchGFX/generated/gui_generated/src/common/FrontendApplicationBase.o
                0x0000000008002e32                touchgfx::Callback<FrontendApplicationBase, void, void, void>::execute()
 .text._ZNK8touchgfx8CallbackI23FrontendApplicationBasevvvE7isValidEv
                0x0000000008002e52       0x18 ./TouchGFX/generated/gui_generated/src/common/FrontendApplicationBase.o
                0x0000000008002e52                touchgfx::Callback<FrontendApplicationBase, void, void, void>::isValid() const
 .text._ZN8touchgfx12NoTransitionD0Ev
                0x0000000008002e6a        0xe ./TouchGFX/generated/gui_generated/src/common/FrontendApplicationBase.o
                0x0000000008002e6a                touchgfx::NoTransition::~NoTransition()
 .text._ZN8touchgfx8CallbackI23FrontendApplicationBasevvvED0Ev
                0x0000000008002e78        0xe ./TouchGFX/generated/gui_generated/src/common/FrontendApplicationBase.o
                0x0000000008002e78                touchgfx::Callback<FrontendApplicationBase, void, void, void>::~Callback()
 .text._ZN23FrontendApplicationBaseD0Ev
                0x0000000008002e86       0x10 ./TouchGFX/generated/gui_generated/src/common/FrontendApplicationBase.o
                0x0000000008002e86                FrontendApplicationBase::~FrontendApplicationBase()
 .text._ZN8touchgfx10Transition10invalidateEv
                0x0000000008002e96       0x10 ./TouchGFX/generated/gui_generated/src/common/FrontendApplicationBase.o
                0x0000000008002e96                touchgfx::Transition::invalidate()
 .text._ZN8touchgfx14MVPApplication29handlePendingScreenTransitionEv
                0x0000000008002ea6       0x24 ./TouchGFX/generated/gui_generated/src/common/FrontendApplicationBase.o
                0x0000000008002ea6                touchgfx::MVPApplication::handlePendingScreenTransition()
 *fill*         0x0000000008002eca        0x2 
 .text._ZN23FrontendApplicationBase32gotoscreenScreenNoTransitionImplEv
                0x0000000008002ecc      0x150 ./TouchGFX/generated/gui_generated/src/common/FrontendApplicationBase.o
                0x0000000008002ecc                FrontendApplicationBase::gotoscreenScreenNoTransitionImpl()
 .text._ZN8touchgfx3HAL3lcdEv
                0x000000000800301c       0x18 ./TouchGFX/generated/gui_generated/src/common/FrontendApplicationBase.o
                0x000000000800301c                touchgfx::HAL::lcd()
 .text._ZN23FrontendApplicationBaseC2ER5ModelR12FrontendHeap
                0x0000000008003034       0x60 ./TouchGFX/generated/gui_generated/src/common/FrontendApplicationBase.o
                0x0000000008003034                FrontendApplicationBase::FrontendApplicationBase(Model&, FrontendHeap&)
                0x0000000008003034                FrontendApplicationBase::FrontendApplicationBase(Model&, FrontendHeap&)
 .text._ZN23FrontendApplicationBase28gotoscreenScreenNoTransitionEv
                0x0000000008003094       0x20 ./TouchGFX/generated/gui_generated/src/common/FrontendApplicationBase.o
                0x0000000008003094                FrontendApplicationBase::gotoscreenScreenNoTransition()
 .text._ZN8touchgfx8Drawable13getFirstChildEv
                0x00000000080030b4        0x4 ./TouchGFX/generated/gui_generated/src/screen_screen/screenViewBase.o
                0x00000000080030b4                touchgfx::Drawable::getFirstChild()
 .text._ZN8touchgfx8Drawable4setXEs
                0x00000000080030b8        0x4 ./TouchGFX/generated/gui_generated/src/screen_screen/screenViewBase.o
                0x00000000080030b8                touchgfx::Drawable::setX(short)
 .text._ZN8touchgfx8Drawable4setYEs
                0x00000000080030bc        0x4 ./TouchGFX/generated/gui_generated/src/screen_screen/screenViewBase.o
                0x00000000080030bc                touchgfx::Drawable::setY(short)
 .text._ZN8touchgfx8Drawable8setWidthEs
                0x00000000080030c0        0x4 ./TouchGFX/generated/gui_generated/src/screen_screen/screenViewBase.o
                0x00000000080030c0                touchgfx::Drawable::setWidth(short)
 .text._ZN8touchgfx8Drawable9setHeightEs
                0x00000000080030c4        0x4 ./TouchGFX/generated/gui_generated/src/screen_screen/screenViewBase.o
                0x00000000080030c4                touchgfx::Drawable::setHeight(short)
 .text._ZN8touchgfx8Drawable20childGeometryChangedEv
                0x00000000080030c8        0x2 ./TouchGFX/generated/gui_generated/src/screen_screen/screenViewBase.o
                0x00000000080030c8                touchgfx::Drawable::childGeometryChanged()
 .text._ZN8touchgfx8Drawable16handleClickEventERKNS_10ClickEventE
                0x00000000080030ca        0x2 ./TouchGFX/generated/gui_generated/src/screen_screen/screenViewBase.o
                0x00000000080030ca                touchgfx::Drawable::handleClickEvent(touchgfx::ClickEvent const&)
 .text._ZN8touchgfx8Drawable18handleGestureEventERKNS_12GestureEventE
                0x00000000080030cc        0x2 ./TouchGFX/generated/gui_generated/src/screen_screen/screenViewBase.o
                0x00000000080030cc                touchgfx::Drawable::handleGestureEvent(touchgfx::GestureEvent const&)
 .text._ZN8touchgfx8Drawable15handleDragEventERKNS_9DragEventE
                0x00000000080030ce        0x2 ./TouchGFX/generated/gui_generated/src/screen_screen/screenViewBase.o
                0x00000000080030ce                touchgfx::Drawable::handleDragEvent(touchgfx::DragEvent const&)
 .text._ZN8touchgfx8Drawable15handleTickEventEv
                0x00000000080030d0        0x2 ./TouchGFX/generated/gui_generated/src/screen_screen/screenViewBase.o
                0x00000000080030d0                touchgfx::Drawable::handleTickEvent()
 .text._ZN8touchgfx8Drawable6moveToEss
                0x00000000080030d2       0x18 ./TouchGFX/generated/gui_generated/src/screen_screen/screenViewBase.o
                0x00000000080030d2                touchgfx::Drawable::moveTo(short, short)
 .text._ZN8touchgfx8Drawable14setupDrawChainERKNS_4RectEPPS0_
                0x00000000080030ea       0x14 ./TouchGFX/generated/gui_generated/src/screen_screen/screenViewBase.o
                0x00000000080030ea                touchgfx::Drawable::setupDrawChain(touchgfx::Rect const&, touchgfx::Drawable**)
 .text._ZN8touchgfx6Screen11setupScreenEv
                0x00000000080030fe        0x2 ./TouchGFX/generated/gui_generated/src/screen_screen/screenViewBase.o
                0x00000000080030fe                touchgfx::Screen::setupScreen()
 .text._ZN8touchgfx6Screen15afterTransitionEv
                0x0000000008003100        0x2 ./TouchGFX/generated/gui_generated/src/screen_screen/screenViewBase.o
                0x0000000008003100                touchgfx::Screen::afterTransition()
 .text._ZN8touchgfx6Screen14tearDownScreenEv
                0x0000000008003102        0x2 ./TouchGFX/generated/gui_generated/src/screen_screen/screenViewBase.o
                0x0000000008003102                touchgfx::Screen::tearDownScreen()
 .text._ZN8touchgfx6Screen15handleTickEventEv
                0x0000000008003104        0x2 ./TouchGFX/generated/gui_generated/src/screen_screen/screenViewBase.o
                0x0000000008003104                touchgfx::Screen::handleTickEvent()
 .text._ZN8touchgfx6Screen14handleKeyEventEh
                0x0000000008003106        0x2 ./TouchGFX/generated/gui_generated/src/screen_screen/screenViewBase.o
                0x0000000008003106                touchgfx::Screen::handleKeyEvent(unsigned char)
 .text._ZN8touchgfx6Widget12getLastChildEssPPNS_8DrawableE
                0x0000000008003108       0x10 ./TouchGFX/generated/gui_generated/src/screen_screen/screenViewBase.o
                0x0000000008003108                touchgfx::Widget::getLastChild(short, short, touchgfx::Drawable**)
 .text._ZN14screenViewBase16RedButtonPressedEv
                0x0000000008003118        0x2 ./TouchGFX/generated/gui_generated/src/screen_screen/screenViewBase.o
                0x0000000008003118                screenViewBase::RedButtonPressed()
 .text._ZN14screenViewBase18GreenButtonPressedEv
                0x000000000800311a        0x2 ./TouchGFX/generated/gui_generated/src/screen_screen/screenViewBase.o
                0x000000000800311a                screenViewBase::GreenButtonPressed()
 .text._ZN14screenViewBase17BlueButtonPressedEv
                0x000000000800311c        0x2 ./TouchGFX/generated/gui_generated/src/screen_screen/screenViewBase.o
                0x000000000800311c                screenViewBase::BlueButtonPressed()
 .text._ZN14screenViewBaseD2Ev
                0x000000000800311e        0x2 ./TouchGFX/generated/gui_generated/src/screen_screen/screenViewBase.o
                0x000000000800311e                screenViewBase::~screenViewBase()
                0x000000000800311e                screenViewBase::~screenViewBase()
 .text._ZN14screenViewBase11setupScreenEv
                0x0000000008003120        0x2 ./TouchGFX/generated/gui_generated/src/screen_screen/screenViewBase.o
                0x0000000008003120                screenViewBase::setupScreen()
 .text._ZN8touchgfx8CallbackI14screenViewBaseRKNS_14AbstractButtonEvvED2Ev
                0x0000000008003122        0x2 ./TouchGFX/generated/gui_generated/src/screen_screen/screenViewBase.o
                0x0000000008003122                touchgfx::Callback<screenViewBase, touchgfx::AbstractButton const&, void, void>::~Callback()
                0x0000000008003122                touchgfx::Callback<screenViewBase, touchgfx::AbstractButton const&, void, void>::~Callback()
 .text._ZN8touchgfx8CallbackI14screenViewBaseRKNS_14AbstractButtonEvvE7executeES4_
                0x0000000008003124       0x1e ./TouchGFX/generated/gui_generated/src/screen_screen/screenViewBase.o
                0x0000000008003124                touchgfx::Callback<screenViewBase, touchgfx::AbstractButton const&, void, void>::execute(touchgfx::AbstractButton const&)
 .text._ZNK8touchgfx8CallbackI14screenViewBaseRKNS_14AbstractButtonEvvE7isValidEv
                0x0000000008003142       0x18 ./TouchGFX/generated/gui_generated/src/screen_screen/screenViewBase.o
                0x0000000008003142                touchgfx::Callback<screenViewBase, touchgfx::AbstractButton const&, void, void>::isValid() const
 .text._ZN8touchgfx8CallbackI14screenViewBaseRKNS_14AbstractButtonEvvED0Ev
                0x000000000800315a        0xe ./TouchGFX/generated/gui_generated/src/screen_screen/screenViewBase.o
                0x000000000800315a                touchgfx::Callback<screenViewBase, touchgfx::AbstractButton const&, void, void>::~Callback()
 .text._ZN14screenViewBaseD0Ev
                0x0000000008003168       0x10 ./TouchGFX/generated/gui_generated/src/screen_screen/screenViewBase.o
                0x0000000008003168                screenViewBase::~screenViewBase()
 .text._ZNK8touchgfx8Drawable17invalidateContentEv
                0x0000000008003178        0xe ./TouchGFX/generated/gui_generated/src/screen_screen/screenViewBase.o
                0x0000000008003178                touchgfx::Drawable::invalidateContent() const
 .text._ZN14screenViewBase21buttonCallbackHandlerERKN8touchgfx14AbstractButtonE
                0x0000000008003186       0x3a ./TouchGFX/generated/gui_generated/src/screen_screen/screenViewBase.o
                0x0000000008003186                screenViewBase::buttonCallbackHandler(touchgfx::AbstractButton const&)
 .text._ZN8touchgfx8Drawable5setXYEss
                0x00000000080031c0       0x1a ./TouchGFX/generated/gui_generated/src/screen_screen/screenViewBase.o
                0x00000000080031c0                touchgfx::Drawable::setXY(short, short)
 *fill*         0x00000000080031da        0x2 
 .text._ZN8touchgfx6WidgetC2Ev
                0x00000000080031dc       0x24 ./TouchGFX/generated/gui_generated/src/screen_screen/screenViewBase.o
                0x00000000080031dc                touchgfx::Widget::Widget()
                0x00000000080031dc                touchgfx::Widget::Widget()
 .text._ZN8touchgfx5ImageC2ERKNS_6BitmapE
                0x0000000008003200       0x34 ./TouchGFX/generated/gui_generated/src/screen_screen/screenViewBase.o
                0x0000000008003200                touchgfx::Image::Image(touchgfx::Bitmap const&)
                0x0000000008003200                touchgfx::Image::Image(touchgfx::Bitmap const&)
 .text._ZN8touchgfx15ButtonWithLabel18updateTextPositionEv
                0x0000000008003234       0x88 ./TouchGFX/generated/gui_generated/src/screen_screen/screenViewBase.o
                0x0000000008003234                touchgfx::ButtonWithLabel::updateTextPosition()
 .text._ZN14screenViewBaseC2Ev
                0x00000000080032bc      0x2d8 ./TouchGFX/generated/gui_generated/src/screen_screen/screenViewBase.o
                0x00000000080032bc                screenViewBase::screenViewBase()
                0x00000000080032bc                screenViewBase::screenViewBase()
 .text._ZN14BitmapDatabase11getInstanceEv
                0x0000000008003594        0x8 ./TouchGFX/generated/images/src/BitmapDatabase.o
                0x0000000008003594                BitmapDatabase::getInstance()
 .text._ZN14BitmapDatabase15getInstanceSizeEv
                0x000000000800359c        0x4 ./TouchGFX/generated/images/src/BitmapDatabase.o
                0x000000000800359c                BitmapDatabase::getInstanceSize()
 .text._ZNK8touchgfx4Font12getGSUBTableEv
                0x00000000080035a0        0x4 ./TouchGFX/generated/texts/src/Texts.o
                0x00000000080035a0                touchgfx::Font::getGSUBTable() const
 .text._ZNK8touchgfx4Font23getContextualFormsTableEv
                0x00000000080035a4        0x4 ./TouchGFX/generated/texts/src/Texts.o
                0x00000000080035a4                touchgfx::Font::getContextualFormsTable() const
 .text._ZNK8touchgfx4Font14getStringWidthEPKtz
                0x00000000080035a8       0x1c ./TouchGFX/generated/texts/src/Texts.o
                0x00000000080035a8                touchgfx::Font::getStringWidth(unsigned short const*, ...) const
 .text._ZNK8touchgfx4Font14getStringWidthEhPKtz
                0x00000000080035c4       0x1a ./TouchGFX/generated/texts/src/Texts.o
                0x00000000080035c4                touchgfx::Font::getStringWidth(unsigned char, unsigned short const*, ...) const
 *fill*         0x00000000080035de        0x2 
 .text._ZN8touchgfx12TextProvider15getNextLigatureEh
                0x00000000080035e0       0x84 ./TouchGFX/generated/texts/src/Texts.o
                0x00000000080035e0                touchgfx::TextProvider::getNextLigature(unsigned char)
 .text._ZN8touchgfx12TextProvider18initializeInternalEv
                0x0000000008003664        0x4 ./TouchGFX/generated/texts/src/Texts.o
                0x0000000008003664                touchgfx::TextProvider::initializeInternal()
 .text._ZN8touchgfx3LCD10drawStringENS_4RectERKS1_RKNS0_13StringVisualsEPKtz
                0x0000000008003668       0x22 ./TouchGFX/generated/texts/src/Texts.o
                0x0000000008003668                touchgfx::LCD::drawString(touchgfx::Rect, touchgfx::Rect const&, touchgfx::LCD::StringVisuals const&, unsigned short const*, ...)
 *fill*         0x000000000800368a        0x2 
 .text._ZN8touchgfx5Texts11setLanguageEt
                0x000000000800368c       0x78 ./TouchGFX/generated/texts/src/Texts.o
                0x000000000800368c                touchgfx::Texts::setLanguage(unsigned short)
 .text._ZNK8touchgfx5Texts7getTextEt
                0x0000000008003704       0x1c ./TouchGFX/generated/texts/src/Texts.o
                0x0000000008003704                touchgfx::Texts::getText(unsigned short) const
 .text._ZN17TypedTextDatabase15getInstanceSizeEv
                0x0000000008003720        0x4 ./TouchGFX/generated/texts/src/TypedTextDatabase.o
                0x0000000008003720                TypedTextDatabase::getInstanceSize()
 .text._ZN17TypedTextDatabase8getFontsEv
                0x0000000008003724        0x8 ./TouchGFX/generated/texts/src/TypedTextDatabase.o
                0x0000000008003724                TypedTextDatabase::getFonts()
 .text.startup._GLOBAL__sub_I_touchgfx_fonts
                0x000000000800372c       0x1c ./TouchGFX/generated/texts/src/TypedTextDatabase.o
 .text._ZN19FrontendApplicationD2Ev
                0x0000000008003748        0x2 ./TouchGFX/gui/src/common/FrontendApplication.o
                0x0000000008003748                FrontendApplication::~FrontendApplication()
                0x0000000008003748                FrontendApplication::~FrontendApplication()
 .text._ZN19FrontendApplicationD0Ev
                0x000000000800374a       0x10 ./TouchGFX/gui/src/common/FrontendApplication.o
                0x000000000800374a                FrontendApplication::~FrontendApplication()
 .text._ZN19FrontendApplication15handleTickEventEv
                0x000000000800375a       0x16 ./TouchGFX/gui/src/common/FrontendApplication.o
                0x000000000800375a                FrontendApplication::handleTickEvent()
 .text._ZN19FrontendApplicationC2ER5ModelR12FrontendHeap
                0x0000000008003770       0x14 ./TouchGFX/gui/src/common/FrontendApplication.o
                0x0000000008003770                FrontendApplication::FrontendApplication(Model&, FrontendHeap&)
                0x0000000008003770                FrontendApplication::FrontendApplication(Model&, FrontendHeap&)
 .text._ZN5ModelC2Ev
                0x0000000008003784        0xa ./TouchGFX/gui/src/model/Model.o
                0x0000000008003784                Model::Model()
                0x0000000008003784                Model::Model()
 *fill*         0x000000000800378e        0x2 
 .text._ZN5Model4tickEv
                0x0000000008003790       0x38 ./TouchGFX/gui/src/model/Model.o
                0x0000000008003790                Model::tick()
 .text._ZN15screenPresenterD2Ev
                0x00000000080037c8        0x6 ./TouchGFX/gui/src/screen_screen/screenPresenter.o
                0x00000000080037c8                screenPresenter::~screenPresenter()
                0x00000000080037c8                screenPresenter::~screenPresenter()
                0x00000000080037ca                non-virtual thunk to screenPresenter::~screenPresenter()
 .text._ZN15screenPresenter8activateEv
                0x00000000080037ce        0x2 ./TouchGFX/gui/src/screen_screen/screenPresenter.o
                0x00000000080037ce                screenPresenter::deactivate()
                0x00000000080037ce                screenPresenter::activate()
 .text._ZN15screenPresenter6setLEDEb
                0x00000000080037d0        0x8 ./TouchGFX/gui/src/screen_screen/screenPresenter.o
                0x00000000080037d0                screenPresenter::setLED(bool)
 .text._ZThn4_N15screenPresenter6setLEDEb
                0x00000000080037d8        0x8 ./TouchGFX/gui/src/screen_screen/screenPresenter.o
                0x00000000080037d8                non-virtual thunk to screenPresenter::setLED(bool)
 .text._ZN15screenPresenterD0Ev
                0x00000000080037e0       0x14 ./TouchGFX/gui/src/screen_screen/screenPresenter.o
                0x00000000080037e0                screenPresenter::~screenPresenter()
                0x00000000080037ee                non-virtual thunk to screenPresenter::~screenPresenter()
 .text._ZN15screenPresenterC2ER10screenView
                0x00000000080037f4       0x1c ./TouchGFX/gui/src/screen_screen/screenPresenter.o
                0x00000000080037f4                screenPresenter::screenPresenter(screenView&)
                0x00000000080037f4                screenPresenter::screenPresenter(screenView&)
 .text._ZN10screenView14tearDownScreenEv
                0x0000000008003810        0x2 ./TouchGFX/gui/src/screen_screen/screenView.o
                0x0000000008003810                screenView::tearDownScreen()
 *fill*         0x0000000008003812        0x2 
 .text._ZN10screenView16RedButtonPressedEv
                0x0000000008003814        0xc ./TouchGFX/gui/src/screen_screen/screenView.o
                0x0000000008003814                screenView::RedButtonPressed()
 .text._ZN10screenView18GreenButtonPressedEv
                0x0000000008003820        0xc ./TouchGFX/gui/src/screen_screen/screenView.o
                0x0000000008003820                screenView::GreenButtonPressed()
 .text._ZN10screenView17BlueButtonPressedEv
                0x000000000800382c        0xc ./TouchGFX/gui/src/screen_screen/screenView.o
                0x000000000800382c                screenView::BlueButtonPressed()
 .text._ZN10screenViewD2Ev
                0x0000000008003838       0x14 ./TouchGFX/gui/src/screen_screen/screenView.o
                0x0000000008003838                screenView::~screenView()
                0x0000000008003838                screenView::~screenView()
 .text._ZN10screenViewD0Ev
                0x000000000800384c       0x16 ./TouchGFX/gui/src/screen_screen/screenView.o
                0x000000000800384c                screenView::~screenView()
 *fill*         0x0000000008003862        0x2 
 .text._ZN10screenViewC2Ev
                0x0000000008003864       0x14 ./TouchGFX/gui/src/screen_screen/screenView.o
                0x0000000008003864                screenView::screenView()
                0x0000000008003864                screenView::screenView()
 .text._ZN10screenView11setupScreenEv
                0x0000000008003878        0x4 ./TouchGFX/gui/src/screen_screen/screenView.o
                0x0000000008003878                screenView::setupScreen()
 .text._ZN10screenView6setLEDEb
                0x000000000800387c       0x24 ./TouchGFX/gui/src/screen_screen/screenView.o
                0x000000000800387c                screenView::setLED(bool)
 .text._ZN20STM32TouchController4initEv
                0x00000000080038a0        0x2 ./TouchGFX/target/STM32TouchController.o
                0x00000000080038a0                STM32TouchController::init()
 .text._ZN20STM32TouchControllerD2Ev
                0x00000000080038a2        0x2 ./TouchGFX/target/STM32TouchController.o
                0x00000000080038a2                STM32TouchController::~STM32TouchController()
                0x00000000080038a2                STM32TouchController::~STM32TouchController()
 .text._ZN20STM32TouchController11sampleTouchERlS0_
                0x00000000080038a4       0x12 ./TouchGFX/target/STM32TouchController.o
                0x00000000080038a4                STM32TouchController::sampleTouch(long&, long&)
 .text._ZN20STM32TouchControllerD0Ev
                0x00000000080038b6        0xe ./TouchGFX/target/STM32TouchController.o
                0x00000000080038b6                STM32TouchController::~STM32TouchController()
 .text._ZN8touchgfx4GPIO4initEv
                0x00000000080038c4        0x2 ./TouchGFX/target/TouchGFXGPIO.o
                0x00000000080038c4                touchgfx::GPIO::init()
 .text._ZN8touchgfx4GPIO3setENS0_7GPIO_IDE
                0x00000000080038c6        0x2 ./TouchGFX/target/TouchGFXGPIO.o
                0x00000000080038c6                touchgfx::GPIO::set(touchgfx::GPIO::GPIO_ID)
 .text._ZN8touchgfx4GPIO5clearENS0_7GPIO_IDE
                0x00000000080038c8        0x2 ./TouchGFX/target/TouchGFXGPIO.o
                0x00000000080038c8                touchgfx::GPIO::clear(touchgfx::GPIO::GPIO_ID)
 .text._ZN8touchgfx4GPIO6toggleENS0_7GPIO_IDE
                0x00000000080038ca        0x2 ./TouchGFX/target/TouchGFXGPIO.o
                0x00000000080038ca                touchgfx::GPIO::toggle(touchgfx::GPIO::GPIO_ID)
 .text._ZN8touchgfx3HAL21setDisplayOrientationENS_18DisplayOrientationE
                0x00000000080038cc        0xc ./TouchGFX/target/TouchGFXHAL.o
                0x00000000080038cc                touchgfx::HAL::setDisplayOrientation(touchgfx::DisplayOrientation)
 .text._ZN8touchgfx3HAL9sampleKeyERh
                0x00000000080038d8        0x4 ./TouchGFX/target/TouchGFXHAL.o
                0x00000000080038d8                touchgfx::HAL::sampleKey(unsigned char&)
 .text._ZN8touchgfx3HAL19setAnimationStorageEPv
                0x00000000080038dc       0x14 ./TouchGFX/target/TouchGFXHAL.o
                0x00000000080038dc                touchgfx::HAL::setAnimationStorage(void*)
 .text._ZNK8touchgfx3HAL18getFlashDataReaderEv
                0x00000000080038f0        0x4 ./TouchGFX/target/TouchGFXHAL.o
                0x00000000080038f0                touchgfx::HAL::getFlashDataReader() const
 .text._ZN8touchgfx3HAL9taskDelayEt
                0x00000000080038f4        0xa ./TouchGFX/target/TouchGFXHAL.o
                0x00000000080038f4                touchgfx::HAL::taskDelay(unsigned short)
 .text._ZN8touchgfx3HAL17getTFTCurrentLineEv
                0x00000000080038fe        0x6 ./TouchGFX/target/TouchGFXHAL.o
                0x00000000080038fe                touchgfx::HAL::getTFTCurrentLine()
 .text._ZN8touchgfx3HAL10getDMATypeEv
                0x0000000008003904        0x8 ./TouchGFX/target/TouchGFXHAL.o
                0x0000000008003904                touchgfx::HAL::getDMAType()
 .text._ZN8touchgfx3HAL15InvalidateCacheEv
                0x000000000800390c        0x2 ./TouchGFX/target/TouchGFXHAL.o
                0x000000000800390c                touchgfx::HAL::InvalidateCache()
 .text._ZN8touchgfx3HAL10FlushCacheEv
                0x000000000800390e        0x2 ./TouchGFX/target/TouchGFXHAL.o
                0x000000000800390e                touchgfx::HAL::FlushCache()
 .text._ZN11TouchGFXHALD2Ev
                0x0000000008003910        0x2 ./TouchGFX/target/TouchGFXHAL.o
                0x0000000008003910                TouchGFXHAL::~TouchGFXHAL()
                0x0000000008003910                TouchGFXHAL::~TouchGFXHAL()
 .text._ZN11TouchGFXHAL10initializeEv
                0x0000000008003912        0x4 ./TouchGFX/target/TouchGFXHAL.o
                0x0000000008003912                TouchGFXHAL::initialize()
 .text._ZNK11TouchGFXHAL17getTFTFrameBufferEv
                0x0000000008003916        0x4 ./TouchGFX/target/TouchGFXHAL.o
                0x0000000008003916                TouchGFXHAL::getTFTFrameBuffer() const
 .text._ZN11TouchGFXHAL17setTFTFrameBufferEPt
                0x000000000800391a        0x4 ./TouchGFX/target/TouchGFXHAL.o
                0x000000000800391a                TouchGFXHAL::setTFTFrameBuffer(unsigned short*)
 .text._ZN11TouchGFXHAL16flushFrameBufferERKN8touchgfx4RectE
                0x000000000800391e        0x4 ./TouchGFX/target/TouchGFXHAL.o
                0x000000000800391e                TouchGFXHAL::flushFrameBuffer(touchgfx::Rect const&)
 .text._ZN11TouchGFXHAL9blockCopyEPvPKvm
                0x0000000008003922        0x4 ./TouchGFX/target/TouchGFXHAL.o
                0x0000000008003922                TouchGFXHAL::blockCopy(void*, void const*, unsigned long)
 .text._ZN11TouchGFXHAL19configureInterruptsEv
                0x0000000008003926        0x4 ./TouchGFX/target/TouchGFXHAL.o
                0x0000000008003926                TouchGFXHAL::configureInterrupts()
 .text._ZN11TouchGFXHAL16enableInterruptsEv
                0x000000000800392a        0x4 ./TouchGFX/target/TouchGFXHAL.o
                0x000000000800392a                TouchGFXHAL::enableInterrupts()
 .text._ZN11TouchGFXHAL17disableInterruptsEv
                0x000000000800392e        0x4 ./TouchGFX/target/TouchGFXHAL.o
                0x000000000800392e                TouchGFXHAL::disableInterrupts()
 .text._ZN11TouchGFXHAL28enableLCDControllerInterruptEv
                0x0000000008003932        0x4 ./TouchGFX/target/TouchGFXHAL.o
                0x0000000008003932                TouchGFXHAL::enableLCDControllerInterrupt()
 .text._ZN11TouchGFXHAL10beginFrameEv
                0x0000000008003936        0x4 ./TouchGFX/target/TouchGFXHAL.o
                0x0000000008003936                TouchGFXHAL::beginFrame()
 .text._ZN11TouchGFXHAL8endFrameEv
                0x000000000800393a        0x4 ./TouchGFX/target/TouchGFXHAL.o
                0x000000000800393a                TouchGFXHAL::endFrame()
 .text._ZN8touchgfx3HAL15backPorchExitedEv
                0x000000000800393e       0x16 ./TouchGFX/target/TouchGFXHAL.o
                0x000000000800393e                touchgfx::HAL::backPorchExited()
 .text._ZN11TouchGFXHAL16flushFrameBufferEv
                0x0000000008003954        0x4 ./TouchGFX/target/TouchGFXHAL.o
                0x0000000008003954                TouchGFXHAL::flushFrameBuffer()
 .text._ZN11TouchGFXHALD0Ev
                0x0000000008003958        0xe ./TouchGFX/target/TouchGFXHAL.o
                0x0000000008003958                TouchGFXHAL::~TouchGFXHAL()
 .text._ZN8touchgfx3HAL11getBlitCapsEv
                0x0000000008003966       0x12 ./TouchGFX/target/TouchGFXHAL.o
                0x0000000008003966                touchgfx::HAL::getBlitCaps()
 .text._ZN8touchgfx3HAL31performDisplayOrientationChangeEv
                0x0000000008003978       0x48 ./TouchGFX/target/TouchGFXHAL.o
                0x0000000008003978                touchgfx::HAL::performDisplayOrientationChange()
 .text._ZN8touchgfx3HAL28setFrameBufferStartAddressesEPvS1_S1_
                0x00000000080039c0       0x40 ./TouchGFX/target/TouchGFXHAL.o
                0x00000000080039c0                touchgfx::HAL::setFrameBufferStartAddresses(void*, void*, void*)
 .text._ZN8touchgfx3HAL18setFrameBufferSizeEtt
                0x0000000008003a00       0x44 ./TouchGFX/target/TouchGFXHAL.o
                0x0000000008003a00                touchgfx::HAL::setFrameBufferSize(unsigned short, unsigned short)
 .text._ZN8touchgfx10OSWrappers10initializeEv
                0x0000000008003a44       0x14 ./TouchGFX/target/generated/OSWrappers.o
                0x0000000008003a44                touchgfx::OSWrappers::initialize()
 .text._ZN8touchgfx10OSWrappers24takeFrameBufferSemaphoreEv
                0x0000000008003a58       0x14 ./TouchGFX/target/generated/OSWrappers.o
                0x0000000008003a58                touchgfx::OSWrappers::takeFrameBufferSemaphore()
 .text._ZN8touchgfx10OSWrappers24giveFrameBufferSemaphoreEv
                0x0000000008003a6c        0xc ./TouchGFX/target/generated/OSWrappers.o
                0x0000000008003a6c                touchgfx::OSWrappers::giveFrameBufferSemaphore()
 .text._ZN8touchgfx10OSWrappers27tryTakeFrameBufferSemaphoreEv
                0x0000000008003a78        0xc ./TouchGFX/target/generated/OSWrappers.o
                0x0000000008003a78                touchgfx::OSWrappers::tryTakeFrameBufferSemaphore()
 .text._ZN8touchgfx10OSWrappers31giveFrameBufferSemaphoreFromISREv
                0x0000000008003a84        0xc ./TouchGFX/target/generated/OSWrappers.o
                0x0000000008003a84                touchgfx::OSWrappers::giveFrameBufferSemaphoreFromISR()
 .text._ZN8touchgfx10OSWrappers11signalVSyncEv
                0x0000000008003a90        0xc ./TouchGFX/target/generated/OSWrappers.o
                0x0000000008003a90                touchgfx::OSWrappers::signalVSync()
 .text._ZN8touchgfx10OSWrappers19signalRenderingDoneEv
                0x0000000008003a9c        0xc ./TouchGFX/target/generated/OSWrappers.o
                0x0000000008003a9c                touchgfx::OSWrappers::signalRenderingDone()
 .text._ZN8touchgfx10OSWrappers16isVSyncAvailableEv
                0x0000000008003aa8       0x10 ./TouchGFX/target/generated/OSWrappers.o
                0x0000000008003aa8                touchgfx::OSWrappers::isVSyncAvailable()
 .text._ZN8touchgfx10OSWrappers12waitForVSyncEv
                0x0000000008003ab8       0x20 ./TouchGFX/target/generated/OSWrappers.o
                0x0000000008003ab8                touchgfx::OSWrappers::waitForVSync()
 .text._ZN8touchgfx13DMA_Interface10initializeEv
                0x0000000008003ad8        0x2 ./TouchGFX/target/generated/STM32DMA.o
                0x0000000008003ad8                touchgfx::DMA_Interface::initialize()
 .text._ZN8touchgfx13DMA_Interface10getDMATypeEv
                0x0000000008003ada        0x4 ./TouchGFX/target/generated/STM32DMA.o
                0x0000000008003ada                touchgfx::DMA_Interface::getDMAType()
 .text._ZN8STM32DMA18signalDMAInterruptEv
                0x0000000008003ade        0x2 ./TouchGFX/target/generated/STM32DMA.o
                0x0000000008003ade                STM32DMA::signalDMAInterrupt()
 .text._ZN8STM32DMA5flushEv
                0x0000000008003ae0        0x2 ./TouchGFX/target/generated/STM32DMA.o
                0x0000000008003ae0                STM32DMA::flush()
 .text._ZN8STM32DMA11getBlitCapsEv
                0x0000000008003ae2        0x4 ./TouchGFX/target/generated/STM32DMA.o
                0x0000000008003ae2                STM32DMA::getBlitCaps()
 .text._ZN8STM32DMAD2Ev
                0x0000000008003ae6        0x2 ./TouchGFX/target/generated/STM32DMA.o
                0x0000000008003ae6                STM32DMA::~STM32DMA()
                0x0000000008003ae6                STM32DMA::~STM32DMA()
 .text._ZN8STM32DMA13setupDataCopyERKN8touchgfx6BlitOpE
                0x0000000008003ae8       0x1c ./TouchGFX/target/generated/STM32DMA.o
                0x0000000008003ae8                STM32DMA::setupDataCopy(touchgfx::BlitOp const&)
 .text._ZN8STM32DMA13setupDataFillERKN8touchgfx6BlitOpE
                0x0000000008003b04       0x1c ./TouchGFX/target/generated/STM32DMA.o
                0x0000000008003b04                STM32DMA::setupDataFill(touchgfx::BlitOp const&)
 .text._ZN8STM32DMAD0Ev
                0x0000000008003b20        0xe ./TouchGFX/target/generated/STM32DMA.o
                0x0000000008003b20                STM32DMA::~STM32DMA()
 *fill*         0x0000000008003b2e        0x2 
 .text._ZN8STM32DMAC2Ev
                0x0000000008003b30       0x28 ./TouchGFX/target/generated/STM32DMA.o
                0x0000000008003b30                STM32DMA::STM32DMA()
                0x0000000008003b30                STM32DMA::STM32DMA()
 .text._ZNK8touchgfx9PartitionINS_4meta8TypeListINS_12NoTransitionENS2_INS1_3NilES4_EEEELt1EE8capacityEv
                0x0000000008003b58        0x4 ./TouchGFX/target/generated/TouchGFXConfiguration.o
                0x0000000008003b58                touchgfx::Partition<touchgfx::meta::TypeList<touchgfx::NoTransition, touchgfx::meta::TypeList<touchgfx::meta::Nil, touchgfx::meta::Nil> >, (unsigned short)1>::capacity() const
 .text._ZN8touchgfx9PartitionINS_4meta8TypeListINS_12NoTransitionENS2_INS1_3NilES4_EEEELt1EE12element_sizeEv
                0x0000000008003b5c        0x4 ./TouchGFX/target/generated/TouchGFXConfiguration.o
                0x0000000008003b5c                touchgfx::Partition<touchgfx::meta::TypeList<touchgfx::NoTransition, touchgfx::meta::TypeList<touchgfx::meta::Nil, touchgfx::meta::Nil> >, (unsigned short)1>::element_size()
 .text._ZN8touchgfx9PartitionINS_4meta8TypeListINS_12NoTransitionENS2_INS1_3NilES4_EEEELt1EE7elementEt
                0x0000000008003b60        0xa ./TouchGFX/target/generated/TouchGFXConfiguration.o
                0x0000000008003b60                touchgfx::Partition<touchgfx::meta::TypeList<touchgfx::NoTransition, touchgfx::meta::TypeList<touchgfx::meta::Nil, touchgfx::meta::Nil> >, (unsigned short)1>::element(unsigned short)
 .text._ZNK8touchgfx9PartitionINS_4meta8TypeListINS_12NoTransitionENS2_INS1_3NilES4_EEEELt1EE7elementEt
                0x0000000008003b6a        0xa ./TouchGFX/target/generated/TouchGFXConfiguration.o
                0x0000000008003b6a                touchgfx::Partition<touchgfx::meta::TypeList<touchgfx::NoTransition, touchgfx::meta::TypeList<touchgfx::meta::Nil, touchgfx::meta::Nil> >, (unsigned short)1>::element(unsigned short) const
 .text._ZNK8touchgfx9PartitionINS_4meta8TypeListI10screenViewNS2_INS1_3NilES4_EEEELt1EE8capacityEv
                0x0000000008003b74        0x4 ./TouchGFX/target/generated/TouchGFXConfiguration.o
                0x0000000008003b74                touchgfx::Partition<touchgfx::meta::TypeList<screenView, touchgfx::meta::TypeList<touchgfx::meta::Nil, touchgfx::meta::Nil> >, (unsigned short)1>::capacity() const
 .text._ZN8touchgfx9PartitionINS_4meta8TypeListI10screenViewNS2_INS1_3NilES4_EEEELt1EE12element_sizeEv
                0x0000000008003b78        0x6 ./TouchGFX/target/generated/TouchGFXConfiguration.o
                0x0000000008003b78                touchgfx::Partition<touchgfx::meta::TypeList<screenView, touchgfx::meta::TypeList<touchgfx::meta::Nil, touchgfx::meta::Nil> >, (unsigned short)1>::element_size()
 .text._ZN8touchgfx9PartitionINS_4meta8TypeListI10screenViewNS2_INS1_3NilES4_EEEELt1EE7elementEt
                0x0000000008003b7e        0xc ./TouchGFX/target/generated/TouchGFXConfiguration.o
                0x0000000008003b7e                touchgfx::Partition<touchgfx::meta::TypeList<screenView, touchgfx::meta::TypeList<touchgfx::meta::Nil, touchgfx::meta::Nil> >, (unsigned short)1>::element(unsigned short)
 .text._ZNK8touchgfx9PartitionINS_4meta8TypeListI10screenViewNS2_INS1_3NilES4_EEEELt1EE7elementEt
                0x0000000008003b8a        0xc ./TouchGFX/target/generated/TouchGFXConfiguration.o
                0x0000000008003b8a                touchgfx::Partition<touchgfx::meta::TypeList<screenView, touchgfx::meta::TypeList<touchgfx::meta::Nil, touchgfx::meta::Nil> >, (unsigned short)1>::element(unsigned short) const
 .text._ZNK8touchgfx9PartitionINS_4meta8TypeListI15screenPresenterNS2_INS1_3NilES4_EEEELt1EE8capacityEv
                0x0000000008003b96        0x4 ./TouchGFX/target/generated/TouchGFXConfiguration.o
                0x0000000008003b96                touchgfx::Partition<touchgfx::meta::TypeList<screenPresenter, touchgfx::meta::TypeList<touchgfx::meta::Nil, touchgfx::meta::Nil> >, (unsigned short)1>::capacity() const
 .text._ZN8touchgfx9PartitionINS_4meta8TypeListI15screenPresenterNS2_INS1_3NilES4_EEEELt1EE12element_sizeEv
                0x0000000008003b9a        0x4 ./TouchGFX/target/generated/TouchGFXConfiguration.o
                0x0000000008003b9a                touchgfx::Partition<touchgfx::meta::TypeList<screenPresenter, touchgfx::meta::TypeList<touchgfx::meta::Nil, touchgfx::meta::Nil> >, (unsigned short)1>::element_size()
 .text._ZN8touchgfx9PartitionINS_4meta8TypeListI15screenPresenterNS2_INS1_3NilES4_EEEELt1EE7elementEt
                0x0000000008003b9e        0x8 ./TouchGFX/target/generated/TouchGFXConfiguration.o
                0x0000000008003b9e                touchgfx::Partition<touchgfx::meta::TypeList<screenPresenter, touchgfx::meta::TypeList<touchgfx::meta::Nil, touchgfx::meta::Nil> >, (unsigned short)1>::element(unsigned short)
 .text._ZNK8touchgfx9PartitionINS_4meta8TypeListI15screenPresenterNS2_INS1_3NilES4_EEEELt1EE7elementEt
                0x0000000008003ba6        0x8 ./TouchGFX/target/generated/TouchGFXConfiguration.o
                0x0000000008003ba6                touchgfx::Partition<touchgfx::meta::TypeList<screenPresenter, touchgfx::meta::TypeList<touchgfx::meta::Nil, touchgfx::meta::Nil> >, (unsigned short)1>::element(unsigned short) const
 .text._ZN16FrontendHeapBase15gotoStartScreenER19FrontendApplication
                0x0000000008003bae        0x6 ./TouchGFX/target/generated/TouchGFXConfiguration.o
                0x0000000008003bae                FrontendHeapBase::gotoStartScreen(FrontendApplication&)
 .text._ZN8touchgfx9PartitionINS_4meta8TypeListINS_12NoTransitionENS2_INS1_3NilES4_EEEELt1EED2Ev
                0x0000000008003bb4       0x14 ./TouchGFX/target/generated/TouchGFXConfiguration.o
                0x0000000008003bb4                touchgfx::Partition<touchgfx::meta::TypeList<touchgfx::NoTransition, touchgfx::meta::TypeList<touchgfx::meta::Nil, touchgfx::meta::Nil> >, (unsigned short)1>::~Partition()
                0x0000000008003bb4                touchgfx::Partition<touchgfx::meta::TypeList<touchgfx::NoTransition, touchgfx::meta::TypeList<touchgfx::meta::Nil, touchgfx::meta::Nil> >, (unsigned short)1>::~Partition()
 .text._ZN8touchgfx9PartitionINS_4meta8TypeListINS_12NoTransitionENS2_INS1_3NilES4_EEEELt1EED0Ev
                0x0000000008003bc8       0x14 ./TouchGFX/target/generated/TouchGFXConfiguration.o
                0x0000000008003bc8                touchgfx::Partition<touchgfx::meta::TypeList<touchgfx::NoTransition, touchgfx::meta::TypeList<touchgfx::meta::Nil, touchgfx::meta::Nil> >, (unsigned short)1>::~Partition()
 .text._ZN8touchgfx9PartitionINS_4meta8TypeListI10screenViewNS2_INS1_3NilES4_EEEELt1EED2Ev
                0x0000000008003bdc       0x14 ./TouchGFX/target/generated/TouchGFXConfiguration.o
                0x0000000008003bdc                touchgfx::Partition<touchgfx::meta::TypeList<screenView, touchgfx::meta::TypeList<touchgfx::meta::Nil, touchgfx::meta::Nil> >, (unsigned short)1>::~Partition()
                0x0000000008003bdc                touchgfx::Partition<touchgfx::meta::TypeList<screenView, touchgfx::meta::TypeList<touchgfx::meta::Nil, touchgfx::meta::Nil> >, (unsigned short)1>::~Partition()
 .text._ZN8touchgfx9PartitionINS_4meta8TypeListI10screenViewNS2_INS1_3NilES4_EEEELt1EED0Ev
                0x0000000008003bf0       0x16 ./TouchGFX/target/generated/TouchGFXConfiguration.o
                0x0000000008003bf0                touchgfx::Partition<touchgfx::meta::TypeList<screenView, touchgfx::meta::TypeList<touchgfx::meta::Nil, touchgfx::meta::Nil> >, (unsigned short)1>::~Partition()
 *fill*         0x0000000008003c06        0x2 
 .text._ZN8touchgfx9PartitionINS_4meta8TypeListI15screenPresenterNS2_INS1_3NilES4_EEEELt1EED2Ev
                0x0000000008003c08       0x14 ./TouchGFX/target/generated/TouchGFXConfiguration.o
                0x0000000008003c08                touchgfx::Partition<touchgfx::meta::TypeList<screenPresenter, touchgfx::meta::TypeList<touchgfx::meta::Nil, touchgfx::meta::Nil> >, (unsigned short)1>::~Partition()
                0x0000000008003c08                touchgfx::Partition<touchgfx::meta::TypeList<screenPresenter, touchgfx::meta::TypeList<touchgfx::meta::Nil, touchgfx::meta::Nil> >, (unsigned short)1>::~Partition()
 .text._ZN8touchgfx9PartitionINS_4meta8TypeListI15screenPresenterNS2_INS1_3NilES4_EEEELt1EED0Ev
                0x0000000008003c1c       0x14 ./TouchGFX/target/generated/TouchGFXConfiguration.o
                0x0000000008003c1c                touchgfx::Partition<touchgfx::meta::TypeList<screenPresenter, touchgfx::meta::TypeList<touchgfx::meta::Nil, touchgfx::meta::Nil> >, (unsigned short)1>::~Partition()
 .text._ZN12FrontendHeapD2Ev
                0x0000000008003c30       0x28 ./TouchGFX/target/generated/TouchGFXConfiguration.o
                0x0000000008003c30                FrontendHeap::~FrontendHeap()
                0x0000000008003c30                FrontendHeap::~FrontendHeap()
 .text.__tcf_0  0x0000000008003c58       0x10 ./TouchGFX/target/generated/TouchGFXConfiguration.o
 .text._ZN12FrontendHeapD0Ev
                0x0000000008003c68       0x16 ./TouchGFX/target/generated/TouchGFXConfiguration.o
                0x0000000008003c68                FrontendHeap::~FrontendHeap()
 *fill*         0x0000000008003c7e        0x2 
 .text.touchgfx_init
                0x0000000008003c80       0xe0 ./TouchGFX/target/generated/TouchGFXConfiguration.o
                0x0000000008003c80                touchgfx_init
 .text.touchgfx_components_init
                0x0000000008003d60        0x2 ./TouchGFX/target/generated/TouchGFXConfiguration.o
                0x0000000008003d60                touchgfx_components_init
 *fill*         0x0000000008003d62        0x2 
 .text.touchgfx_taskEntry
                0x0000000008003d64       0x20 ./TouchGFX/target/generated/TouchGFXConfiguration.o
                0x0000000008003d64                touchgfx_taskEntry
 .text.startup._GLOBAL__sub_I_touchgfx_init
                0x0000000008003d84       0xc4 ./TouchGFX/target/generated/TouchGFXConfiguration.o
 .text._ZN20TouchGFXGeneratedHAL19configureInterruptsEv
                0x0000000008003e48        0x2 ./TouchGFX/target/generated/TouchGFXGeneratedHAL.o
                0x0000000008003e48                TouchGFXGeneratedHAL::enableLCDControllerInterrupt()
                0x0000000008003e48                TouchGFXGeneratedHAL::disableInterrupts()
                0x0000000008003e48                TouchGFXGeneratedHAL::configureInterrupts()
                0x0000000008003e48                TouchGFXGeneratedHAL::enableInterrupts()
 .text._ZNK20TouchGFXGeneratedHAL17getTFTFrameBufferEv
                0x0000000008003e4a        0x4 ./TouchGFX/target/generated/TouchGFXGeneratedHAL.o
                0x0000000008003e4a                TouchGFXGeneratedHAL::getTFTFrameBuffer() const
 .text._ZN20TouchGFXGeneratedHAL17setTFTFrameBufferEPt
                0x0000000008003e4e        0x2 ./TouchGFX/target/generated/TouchGFXGeneratedHAL.o
                0x0000000008003e4e                TouchGFXGeneratedHAL::setTFTFrameBuffer(unsigned short*)
 .text._ZN8touchgfx18ManyBlockAllocatorILm1920ELm3ELm2EED2Ev
                0x0000000008003e50        0x2 ./TouchGFX/target/generated/TouchGFXGeneratedHAL.o
                0x0000000008003e50                touchgfx::ManyBlockAllocator<1920ul, 3ul, 2ul>::~ManyBlockAllocator()
                0x0000000008003e50                touchgfx::ManyBlockAllocator<1920ul, 3ul, 2ul>::~ManyBlockAllocator()
 .text._ZN8touchgfx18ManyBlockAllocatorILm1920ELm3ELm2EE24hasBlockReadyForTransferEv
                0x0000000008003e52       0x1a ./TouchGFX/target/generated/TouchGFXGeneratedHAL.o
                0x0000000008003e52                touchgfx::ManyBlockAllocator<1920ul, 3ul, 2ul>::hasBlockReadyForTransfer()
 .text._ZN8touchgfx18ManyBlockAllocatorILm1920ELm3ELm2EE13hasEmptyBlockEv
                0x0000000008003e6c       0x1e ./TouchGFX/target/generated/TouchGFXGeneratedHAL.o
                0x0000000008003e6c                touchgfx::ManyBlockAllocator<1920ul, 3ul, 2ul>::hasEmptyBlock()
 *fill*         0x0000000008003e8a        0x2 
 .text._ZN20TouchGFXGeneratedHAL10initializeEv
                0x0000000008003e8c       0x38 ./TouchGFX/target/generated/TouchGFXGeneratedHAL.o
                0x0000000008003e8c                TouchGFXGeneratedHAL::initialize()
 .text._ZN20TouchGFXGeneratedHAL10beginFrameEv
                0x0000000008003ec4        0x4 ./TouchGFX/target/generated/TouchGFXGeneratedHAL.o
                0x0000000008003ec4                TouchGFXGeneratedHAL::beginFrame()
 .text._ZN20TouchGFXGeneratedHAL8endFrameEv
                0x0000000008003ec8       0x1a ./TouchGFX/target/generated/TouchGFXGeneratedHAL.o
                0x0000000008003ec8                TouchGFXGeneratedHAL::endFrame()
 .text._ZN20TouchGFXGeneratedHAL9blockCopyEPvPKvm
                0x0000000008003ee2        0x4 ./TouchGFX/target/generated/TouchGFXGeneratedHAL.o
                0x0000000008003ee2                TouchGFXGeneratedHAL::blockCopy(void*, void const*, unsigned long)
 .text._ZN8touchgfx18ManyBlockAllocatorILm1920ELm3ELm2EED0Ev
                0x0000000008003ee6       0x10 ./TouchGFX/target/generated/TouchGFXGeneratedHAL.o
                0x0000000008003ee6                touchgfx::ManyBlockAllocator<1920ul, 3ul, 2ul>::~ManyBlockAllocator()
 *fill*         0x0000000008003ef6        0x2 
 .text._ZN8touchgfx18ManyBlockAllocatorILm1920ELm3ELm2EE19getBlockForTransferERNS_4RectE
                0x0000000008003ef8       0x5c ./TouchGFX/target/generated/TouchGFXGeneratedHAL.o
                0x0000000008003ef8                touchgfx::ManyBlockAllocator<1920ul, 3ul, 2ul>::getBlockForTransfer(touchgfx::Rect&)
 .text._ZN8touchgfx18ManyBlockAllocatorILm1920ELm3ELm2EE22freeBlockAfterTransferEv
                0x0000000008003f54       0x30 ./TouchGFX/target/generated/TouchGFXGeneratedHAL.o
                0x0000000008003f54                touchgfx::ManyBlockAllocator<1920ul, 3ul, 2ul>::freeBlockAfterTransfer()
 .text._ZN8touchgfx18ManyBlockAllocatorILm1920ELm3ELm2EE20peekBlockForTransferEv
                0x0000000008003f84       0x40 ./TouchGFX/target/generated/TouchGFXGeneratedHAL.o
                0x0000000008003f84                touchgfx::ManyBlockAllocator<1920ul, 3ul, 2ul>::peekBlockForTransfer()
 .text._ZN20TouchGFXGeneratedHAL16flushFrameBufferERKN8touchgfx4RectE
                0x0000000008003fc4       0x3e ./TouchGFX/target/generated/TouchGFXGeneratedHAL.o
                0x0000000008003fc4                TouchGFXGeneratedHAL::flushFrameBuffer(touchgfx::Rect const&)
 *fill*         0x0000000008004002        0x2 
 .text._ZN8touchgfx18ManyBlockAllocatorILm1920ELm3ELm2EE13allocateBlockEttttPPh
                0x0000000008004004       0x78 ./TouchGFX/target/generated/TouchGFXGeneratedHAL.o
                0x0000000008004004                touchgfx::ManyBlockAllocator<1920ul, 3ul, 2ul>::allocateBlock(unsigned short, unsigned short, unsigned short, unsigned short, unsigned char**)
 .text._ZN8touchgfx18ManyBlockAllocatorILm1920ELm3ELm2EE25markBlockReadyForTransferEv
                0x000000000800407c       0x30 ./TouchGFX/target/generated/TouchGFXGeneratedHAL.o
                0x000000000800407c                touchgfx::ManyBlockAllocator<1920ul, 3ul, 2ul>::markBlockReadyForTransfer()
 .text._ZN8touchgfx16startNewTransferEv
                0x00000000080040ac       0x48 ./TouchGFX/target/generated/TouchGFXGeneratedHAL.o
                0x00000000080040ac                touchgfx::startNewTransfer()
 .text.DisplayDriver_TransferCompleteCallback
                0x00000000080040f4        0x4 ./TouchGFX/target/generated/TouchGFXGeneratedHAL.o
                0x00000000080040f4                DisplayDriver_TransferCompleteCallback
 .text.touchgfxSignalVSync
                0x00000000080040f8       0x18 ./TouchGFX/target/generated/TouchGFXGeneratedHAL.o
                0x00000000080040f8                touchgfxSignalVSync
 .text.startup._GLOBAL__sub_I__ZN8touchgfx5paint12setL8PaletteEPKh
                0x0000000008004110       0x48 ./TouchGFX/target/generated/TouchGFXGeneratedHAL.o
 .text._ZNK8touchgfx17AbstractPartition18getAllocationCountEv